C:\Users\yashwanth\OneDrive\Desktop\GRP56\finalyearproject\fyp\tracking.py:153: FutureWarning: The `ByteTrack` was deprecated since v0.28.0. It will be removed in v0.31.0.
  self._tracker = sv.ByteTrack(frame_rate=int(round(fps)))
[WARNING] ByteTrack: STrack internals not found; Kalman tuning skipped.
Loading detector model : yolo11n.pt
Loading ball model     : fyp/volleyball_best.pt
  Detector backend : dual(players=ultralytics:yolo11n.pt@1280, ball=ultralytics:fyp/volleyball_best.pt@1280)
  Detector classes : {0: 'person', 1: 'bicycle', 2: 'car', 3: 'motorcycle', 4: 'airplane', 5: 'bus', 6: 'train', 7: 'truck', 8: 'boat', 9: 'traffic light', 10: 'fire hydrant', 11: 'stop sign', 12: 'parking meter', 13: 'bench', 14: 'bird', 15: 'cat', 16: 'dog', 17: 'horse', 18: 'sheep', 19: 'cow', 20: 'elephant', 21: 'bear', 22: 'zebra', 23: 'giraffe', 24: 'backpack', 25: 'umbrella', 26: 'handbag', 27: 'tie', 28: 'suitcase', 29: 'frisbee', 30: 'skis', 31: 'snowboard', 32: 'sports ball', 33: 'kite', 34: 'baseball bat', 35: 'baseball glove', 36: 'skateboard', 37: 'surfboard', 38: 'tennis racket', 39: 'bottle', 40: 'wine glass', 41: 'cup', 42: 'fork', 43: 'knife', 44: 'spoon', 45: 'bowl', 46: 'banana', 47: 'apple', 48: 'sandwich', 49: 'orange', 50: 'broccoli', 51: 'carrot', 52: 'hot dog', 53: 'pizza', 54: 'donut', 55: 'cake', 56: 'chair', 57: 'couch', 58: 'potted plant', 59: 'bed', 60: 'dining table', 61: 'toilet', 62: 'tv', 63: 'laptop', 64: 'mouse', 65: 'remote', 66: 'keyboard', 67: 'cell phone', 68: 'microwave', 69: 'oven', 70: 'toaster', 71: 'sink', 72: 'refrigerator', 73: 'book', 74: 'clock', 75: 'vase', 76: 'scissors', 77: 'teddy bear', 78: 'hair drier', 79: 'toothbrush'}
  Using person_id=0  ball_id=0
No checkpoint supplied – using rule-based classification.

Opening video: dataset/videoplayback (3).mp4
  1920×1080  50.00 FPS  ~90451 frames
Tracker : bytetrack (IoU-only, supervision)
Automatic court detection every 5 frames.
Team-side filter: ALL players (no side filtering) (net margin: 30.0 cm)
Class-0 gate: mean speed < 2.0 cm/frame or < 3 players visible -> Unclassified
  Output video: HEATMAPS_OUTPUT/videoplayback_3_annotated_PREVIEW_2min.mp4
Team split: geometric (foot point vs net line)

Preflight check
  frames sampled                    : 24
  people/frame (detector)           : 11
  people/frame (after court mask)   : 10
  players/frame (after team split)  : 10
  ball recall                       : 83%
  [WARN ] team split: median 10.0 players/frame - more than one team's worth, so opponents are leaking into the analysed formation
          -> Use --team-split colour (the geometric split cannot separate the two front rows at the net) and check --team-clusters covers the libero's contrasting jersey.

Processing frames…
  Seq    1  frames     1–   29  →  [0] TRANSITION / DEAD BALL  conf=1.000  H=0.00b  sync=+0.155  spacing=234cm
  Seq    2  frames    30–   58  →  [0] TRANSITION / DEAD BALL  conf=1.000  H=0.00b  sync=+0.255  spacing=236cm
  Seq    3  frames    59–   87  →  [0] TRANSITION / DEAD BALL  conf=1.000  H=0.00b  sync=+0.224  spacing=240cm
  Seq    4  frames    88–  116  →  [0] TRANSITION / DEAD BALL  conf=1.000  H=0.00b  sync=+0.104  spacing=242cm
  Seq    5  frames   117–  145  →  [2] DEFENDING               conf=1.000  H=0.00b  sync=+0.178  spacing=241cm
  Seq    6  frames   146–  174  →  [2] DEFENDING               conf=1.000  H=0.00b  sync=+0.023  spacing=224cm
  Seq    7  frames   175–  203  →  [2] DEFENDING               conf=1.000  H=0.00b  sync=-0.027  spacing=210cm
  Seq    8  frames   204–  232  →  [2] DEFENDING               conf=1.000  H=0.00b  sync=+0.233  spacing=218cm
  Seq    9  frames   233–  261  →  [2] DEFENDING               conf=1.000  H=0.00b  sync=+0.060  spacing=280cm
  Seq   10  frames   262–  290  →  [2] DEFENDING               conf=1.000  H=0.00b  sync=+0.024  spacing=290cm
  … 300/90451 frames (0%)
  Seq   11  frames   291–  319  →  [2] DEFENDING               conf=1.000  H=0.00b  sync=+0.056  spacing=221cm
  Seq   12  frames   320–  348  →  [2] DEFENDING               conf=1.000  H=0.00b  sync=+0.042  spacing=188cm
  Seq   13  frames   349–  377  →  [1] ATTACKING               conf=1.000  H=0.00b  sync=-0.026  spacing=160cm
  Seq   14  frames   378–  406  →  [2] DEFENDING               conf=1.000  H=0.00b  sync=+0.037  spacing=122cm
  Seq   15  frames   407–  435  →  [2] DEFENDING               conf=1.000  H=0.00b  sync=+0.147  spacing=137cm
  Seq   16  frames   436–  464  →  [2] DEFENDING               conf=1.000  H=0.00b  sync=+0.229  spacing=108cm
  Seq   17  frames   465–  493  →  [2] DEFENDING               conf=1.000  H=0.00b  sync=+0.202  spacing=89cm
  Seq   18  frames   494–  522  →  [4] SPACING BREAKDOWN       conf=1.000  H=0.00b  sync=+0.102  spacing=159cm
  Seq   19  frames   523–  551  →  [3] DELAYED SUPPORT         conf=1.000  H=0.00b  sync=+0.076  spacing=235cm
  Seq   20  frames   552–  580  →  [2] DEFENDING               conf=1.000  H=0.00b  sync=+0.250  spacing=137cm
  … 600/90451 frames (1%)
  Seq   21  frames   581–  609  →  [2] DEFENDING               conf=1.000  H=0.00b  sync=+0.159  spacing=133cm
  Seq   22  frames   610–  638  →  [2] DEFENDING               conf=1.000  H=0.00b  sync=+0.143  spacing=136cm
  Seq   23  frames   639–  667  →  [2] DEFENDING               conf=1.000  H=0.00b  sync=+0.050  spacing=156cm
  Seq   24  frames   668–  696  →  [2] DEFENDING               conf=1.000  H=0.00b  sync=+0.032  spacing=163cm
  Seq   25  frames   697–  725  →  [1] ATTACKING               conf=1.000  H=0.00b  sync=-0.017  spacing=174cm
  Seq   26  frames   726–  754  →  [2] DEFENDING               conf=1.000  H=0.00b  sync=+0.121  spacing=162cm
  Seq   27  frames   755–  783  →  [1] ATTACKING               conf=1.000  H=0.00b  sync=-0.090  spacing=156cm
  Seq   28  frames   784–  812  →  [2] DEFENDING               conf=1.000  H=0.00b  sync=+0.070  spacing=169cm
  Seq   29  frames   813–  841  →  [2] DEFENDING               conf=1.000  H=0.00b  sync=-0.006  spacing=211cm
  Seq   30  frames   842–  870  →  [1] ATTACKING               conf=1.000  H=0.00b  sync=+0.011  spacing=230cm
  Seq   31  frames   871–  899  →  [2] DEFENDING               conf=1.000  H=0.00b  sync=+0.024  spacing=230cm
  … 900/90451 frames (1%)
  Seq   32  frames   900–  928  →  [2] DEFENDING               conf=1.000  H=0.00b  sync=+0.240  spacing=228cm
  Seq   33  frames   929–  957  →  [2] DEFENDING               conf=1.000  H=0.00b  sync=+0.166  spacing=268cm
  Seq   34  frames   958–  986  →  [2] DEFENDING               conf=1.000  H=0.00b  sync=+0.242  spacing=295cm
  Seq   35  frames   987– 1015  →  [2] DEFENDING               conf=1.000  H=0.00b  sync=+0.284  spacing=272cm
  Seq   36  frames  1016– 1044  →  [2] DEFENDING               conf=1.000  H=0.00b  sync=+0.227  spacing=252cm
  Seq   37  frames  1045– 1073  →  [2] DEFENDING               conf=1.000  H=0.00b  sync=+0.296  spacing=272cm
  Seq   38  frames  1074– 1102  →  [0] TRANSITION / DEAD BALL  conf=1.000  H=0.00b  sync=+0.158  spacing=292cm
  Seq   39  frames  1103– 1131  →  [2] DEFENDING               conf=1.000  H=0.00b  sync=+0.059  spacing=286cm
  Seq   40  frames  1132– 1160  →  [2] DEFENDING               conf=1.000  H=0.00b  sync=+0.075  spacing=254cm
  Seq   41  frames  1161– 1189  →  [1] ATTACKING               conf=1.000  H=0.00b  sync=-0.010  spacing=240cm
  … 1200/90451 frames (1%)
  Seq   42  frames  1190– 1218  →  [2] DEFENDING               conf=1.000  H=0.00b  sync=+0.103  spacing=265cm
  Seq   43  frames  1219– 1247  →  [2] DEFENDING               conf=1.000  H=0.00b  sync=+0.036  spacing=238cm
  Seq   44  frames  1248– 1276  →  [3] DELAYED SUPPORT         conf=1.000  H=0.00b  sync=+0.105  spacing=174cm
  Seq   45  frames  1277– 1305  →  [2] DEFENDING               conf=1.000  H=0.00b  sync=+0.086  spacing=158cm
  Seq   46  frames  1306– 1334  →  [2] DEFENDING               conf=1.000  H=0.00b  sync=+0.175  spacing=153cm
  Seq   47  frames  1335– 1363  →  [3] DELAYED SUPPORT         conf=1.000  H=0.00b  sync=+0.148  spacing=150cm
  Seq   48  frames  1364– 1392  →  [2] DEFENDING               conf=1.000  H=0.00b  sync=+0.099  spacing=123cm
  Seq   49  frames  1393– 1421  →  [2] DEFENDING               conf=1.000  H=0.00b  sync=+0.225  spacing=104cm
  Seq   50  frames  1422– 1450  →  [2] DEFENDING               conf=1.000  H=0.00b  sync=+0.077  spacing=100cm
  Seq   51  frames  1451– 1479  →  [2] DEFENDING               conf=1.000  H=0.00b  sync=+0.158  spacing=143cm
  … 1500/90451 frames (2%)
  Seq   52  frames  1480– 1508  →  [2] DEFENDING               conf=1.000  H=0.00b  sync=+0.132  spacing=144cm
  Seq   53  frames  1509– 1537  →  [4] SPACING BREAKDOWN       conf=1.000  H=0.00b  sync=+0.067  spacing=147cm
  Seq   54  frames  1538– 1566  →  [2] DEFENDING               conf=1.000  H=0.00b  sync=+0.142  spacing=148cm
  Seq   55  frames  1567– 1595  →  [2] DEFENDING               conf=1.000  H=0.00b  sync=+0.087  spacing=149cm
  Seq   56  frames  1596– 1624  →  [2] DEFENDING               conf=1.000  H=0.00b  sync=+0.222  spacing=172cm
  Seq   57  frames  1625– 1653  →  [1] ATTACKING               conf=1.000  H=0.00b  sync=+0.127  spacing=153cm
  Seq   58  frames  1654– 1682  →  [2] DEFENDING               conf=1.000  H=0.00b  sync=+0.245  spacing=166cm
  Seq   59  frames  1683– 1711  →  [2] DEFENDING               conf=1.000  H=0.00b  sync=+0.123  spacing=163cm
  Seq   60  frames  1712– 1740  →  [2] DEFENDING               conf=1.000  H=0.00b  sync=+0.114  spacing=157cm
  Seq   61  frames  1741– 1769  →  [2] DEFENDING               conf=1.000  H=0.00b  sync=+0.047  spacing=219cm
  Seq   62  frames  1770– 1798  →  [2] DEFENDING               conf=1.000  H=0.00b  sync=+0.020  spacing=229cm
  … 1800/90451 frames (2%)
  Seq   63  frames  1799– 1827  →  [2] DEFENDING               conf=1.000  H=0.00b  sync=+0.111  spacing=213cm
  Seq   64  frames  1828– 1856  →  [2] DEFENDING               conf=1.000  H=0.00b  sync=+0.191  spacing=214cm
  Seq   65  frames  1857– 1885  →  [2] DEFENDING               conf=1.000  H=0.00b  sync=+0.308  spacing=298cm
  Seq   66  frames  1886– 1914  →  [2] DEFENDING               conf=1.000  H=0.00b  sync=+0.285  spacing=285cm
  Seq   67  frames  1915– 1943  →  [2] DEFENDING               conf=1.000  H=0.00b  sync=+0.108  spacing=246cm
  Seq   68  frames  1944– 1972  →  [2] DEFENDING               conf=1.000  H=0.00b  sync=+0.098  spacing=259cm
  Seq   69  frames  1973– 2001  →  [2] DEFENDING               conf=1.000  H=0.00b  sync=+0.205  spacing=229cm
  Seq   70  frames  2002– 2030  →  [3] DELAYED SUPPORT         conf=1.000  H=0.00b  sync=+0.153  spacing=176cm
  Seq   71  frames  2031– 2059  →  [2] DEFENDING               conf=1.000  H=0.00b  sync=+0.182  spacing=167cm
  Seq   72  frames  2060– 2088  →  [3] DELAYED SUPPORT         conf=1.000  H=0.00b  sync=+0.101  spacing=140cm
  … 2100/90451 frames (2%)
  Seq   73  frames  2089– 2117  →  [3] DELAYED SUPPORT         conf=1.000  H=0.00b  sync=+0.116  spacing=96cm
  Seq   74  frames  2118– 2146  →  [4] SPACING BREAKDOWN       conf=1.000  H=0.00b  sync=+0.137  spacing=94cm
  Seq   75  frames  2147– 2175  →  [2] DEFENDING               conf=1.000  H=0.00b  sync=+0.403  spacing=93cm
  Seq   76  frames  2176– 2204  →  [2] DEFENDING               conf=1.000  H=0.00b  sync=+0.115  spacing=94cm
  Seq   77  frames  2205– 2233  →  [2] DEFENDING               conf=1.000  H=0.00b  sync=+0.172  spacing=119cm
  Seq   78  frames  2234– 2262  →  [2] DEFENDING               conf=1.000  H=0.00b  sync=+0.154  spacing=132cm
  Seq   79  frames  2263– 2291  →  [2] DEFENDING               conf=1.000  H=0.00b  sync=+0.189  spacing=119cm
  Seq   80  frames  2292– 2320  →  [2] DEFENDING               conf=1.000  H=0.00b  sync=+0.083  spacing=98cm
  Seq   81  frames  2321– 2349  →  [2] DEFENDING               conf=1.000  H=0.00b  sync=+0.057  spacing=115cm
  Seq   82  frames  2350– 2378  →  [2] DEFENDING               conf=1.000  H=0.00b  sync=+0.059  spacing=162cm
  … 2400/90451 frames (3%)
  Seq   83  frames  2379– 2407  →  [2] DEFENDING               conf=1.000  H=0.00b  sync=+0.089  spacing=211cm
  Seq   84  frames  2408– 2436  →  [2] DEFENDING               conf=1.000  H=0.00b  sync=+0.054  spacing=231cm
  Seq   85  frames  2437– 2465  →  [2] DEFENDING               conf=1.000  H=0.00b  sync=+0.099  spacing=231cm
  Seq   86  frames  2466– 2494  →  [3] DELAYED SUPPORT         conf=1.000  H=0.00b  sync=+0.163  spacing=209cm
  Seq   87  frames  2495– 2523  →  [4] SPACING BREAKDOWN       conf=1.000  H=0.00b  sync=+0.122  spacing=210cm
  Seq   88  frames  2524– 2552  →  [2] DEFENDING               conf=1.000  H=0.00b  sync=+0.198  spacing=215cm
  Seq   89  frames  2553– 2581  →  [2] DEFENDING               conf=1.000  H=0.00b  sync=+0.110  spacing=226cm
  Seq   90  frames  2582– 2610  →  [2] DEFENDING               conf=1.000  H=0.00b  sync=+0.072  spacing=202cm
  Seq   91  frames  2611– 2639  →  [3] DELAYED SUPPORT         conf=1.000  H=0.00b  sync=+0.096  spacing=150cm
  Seq   92  frames  2640– 2668  →  [1] ATTACKING               conf=1.000  H=0.00b  sync=+0.048  spacing=129cm
  Seq   93  frames  2669– 2697  →  [2] DEFENDING               conf=1.000  H=0.00b  sync=+0.221  spacing=101cm
  … 2700/90451 frames (3%)
  Seq   94  frames  2698– 2726  →  [2] DEFENDING               conf=1.000  H=0.00b  sync=-0.007  spacing=130cm
  Seq   95  frames  2727– 2755  →  [3] DELAYED SUPPORT         conf=1.000  H=0.00b  sync=+0.151  spacing=156cm
  Seq   96  frames  2756– 2784  →  [3] DELAYED SUPPORT         conf=1.000  H=0.00b  sync=+0.006  spacing=252cm
  Seq   97  frames  2785– 2813  →  [3] DELAYED SUPPORT         conf=1.000  H=0.00b  sync=+0.120  spacing=219cm
  Seq   98  frames  2814– 2842  →  [4] SPACING BREAKDOWN       conf=1.000  H=0.00b  sync=+0.186  spacing=245cm
  Seq   99  frames  2843– 2871  →  [4] SPACING BREAKDOWN       conf=1.000  H=0.00b  sync=+0.054  spacing=258cm
  Seq  100  frames  2872– 2900  →  [2] DEFENDING               conf=1.000  H=0.00b  sync=+0.108  spacing=237cm
  Seq  101  frames  2901– 2929  →  [2] DEFENDING               conf=1.000  H=0.00b  sync=+0.095  spacing=256cm
  Seq  102  frames  2930– 2958  →  [4] SPACING BREAKDOWN       conf=1.000  H=0.00b  sync=+0.072  spacing=265cm
  Seq  103  frames  2959– 2987  →  [2] DEFENDING               conf=1.000  H=0.00b  sync=+0.063  spacing=211cm
  … 3000/90451 frames (3%)
  Seq  104  frames  2988– 3016  →  [4] SPACING BREAKDOWN       conf=1.000  H=0.00b  sync=+0.122  spacing=170cm
  Seq  105  frames  3017– 3045  →  [2] DEFENDING               conf=1.000  H=0.00b  sync=+0.062  spacing=129cm
  Seq  106  frames  3046– 3074  →  [3] DELAYED SUPPORT         conf=1.000  H=0.00b  sync=+0.065  spacing=153cm
  Seq  107  frames  3075– 3103  →  [4] SPACING BREAKDOWN       conf=1.000  H=0.00b  sync=+0.008  spacing=182cm
  Seq  108  frames  3104– 3132  →  [2] DEFENDING               conf=1.000  H=0.00b  sync=+0.180  spacing=146cm
  Seq  109  frames  3133– 3161  →  [3] DELAYED SUPPORT         conf=1.000  H=0.00b  sync=+0.179  spacing=174cm
  Seq  110  frames  3162– 3190  →  [2] DEFENDING               conf=1.000  H=0.00b  sync=+0.099  spacing=142cm
  Seq  111  frames  3191– 3219  →  [2] DEFENDING               conf=1.000  H=0.00b  sync=+0.196  spacing=143cm
  Seq  112  frames  3220– 3248  →  [1] ATTACKING               conf=1.000  H=0.00b  sync=+0.140  spacing=158cm
  Seq  113  frames  3249– 3277  →  [1] ATTACKING               conf=1.000  H=0.00b  sync=+0.172  spacing=148cm
  … 3300/90451 frames (4%)
  Seq  114  frames  3278– 3306  →  [2] DEFENDING               conf=1.000  H=0.00b  sync=+0.106  spacing=162cm
  Seq  115  frames  3307– 3335  →  [2] DEFENDING               conf=1.000  H=0.00b  sync=+0.011  spacing=180cm
  Seq  116  frames  3336– 3364  →  [2] DEFENDING               conf=1.000  H=0.00b  sync=+0.135  spacing=184cm
  Seq  117  frames  3365– 3393  →  [2] DEFENDING               conf=1.000  H=0.00b  sync=+0.069  spacing=182cm
  Seq  118  frames  3394– 3422  →  [2] DEFENDING               conf=1.000  H=0.00b  sync=+0.056  spacing=144cm
  Seq  119  frames  3423– 3451  →  [2] DEFENDING               conf=1.000  H=0.00b  sync=+0.109  spacing=174cm
  Seq  120  frames  3452– 3480  →  [2] DEFENDING               conf=1.000  H=0.00b  sync=+0.059  spacing=174cm
  Seq  121  frames  3481– 3509  →  [2] DEFENDING               conf=1.000  H=0.00b  sync=+0.130  spacing=173cm
  Seq  122  frames  3510– 3538  →  [3] DELAYED SUPPORT         conf=1.000  H=0.00b  sync=+0.054  spacing=195cm
  Seq  123  frames  3539– 3567  →  [2] DEFENDING               conf=1.000  H=0.00b  sync=+0.234  spacing=195cm
  Seq  124  frames  3568– 3596  →  [3] DELAYED SUPPORT         conf=1.000  H=0.00b  sync=+0.178  spacing=202cm
  … 3600/90451 frames (4%)
  Seq  125  frames  3597– 3625  →  [2] DEFENDING               conf=1.000  H=0.00b  sync=+0.277  spacing=222cm
  Seq  126  frames  3626– 3654  →  [2] DEFENDING               conf=1.000  H=0.00b  sync=+0.132  spacing=207cm
  Seq  127  frames  3655– 3683  →  [2] DEFENDING               conf=1.000  H=0.00b  sync=+0.050  spacing=163cm
  Seq  128  frames  3684– 3712  →  [2] DEFENDING               conf=1.000  H=0.00b  sync=+0.054  spacing=135cm
  Seq  129  frames  3713– 3741  →  [2] DEFENDING               conf=1.000  H=0.00b  sync=+0.139  spacing=128cm
  Seq  130  frames  3742– 3770  →  [3] DELAYED SUPPORT         conf=1.000  H=0.00b  sync=+0.039  spacing=188cm
  Seq  131  frames  3771– 3799  →  [0] TRANSITION / DEAD BALL  conf=1.000  H=0.00b  sync=+0.150  spacing=247cm
  Seq  132  frames  3800– 3828  →  [0] TRANSITION / DEAD BALL  conf=1.000  H=0.00b  sync=+0.206  spacing=247cm
  Seq  133  frames  3829– 3857  →  [1] ATTACKING               conf=1.000  H=0.00b  sync=+0.161  spacing=240cm
  Seq  134  frames  3858– 3886  →  [1] ATTACKING               conf=1.000  H=0.00b  sync=+0.012  spacing=250cm
  … 3900/90451 frames (4%)
  Seq  135  frames  3887– 3915  →  [1] ATTACKING               conf=1.000  H=0.00b  sync=+0.027  spacing=210cm
  Seq  136  frames  3916– 3944  →  [0] TRANSITION / DEAD BALL  conf=1.000  H=0.00b  sync=+0.069  spacing=234cm
  Seq  137  frames  3945– 3973  →  [4] SPACING BREAKDOWN       conf=1.000  H=0.00b  sync=+0.395  spacing=255cm
  Seq  138  frames  3974– 4002  →  [3] DELAYED SUPPORT         conf=1.000  H=0.00b  sync=+0.271  spacing=224cm
  Seq  139  frames  4003– 4031  →  [2] DEFENDING               conf=1.000  H=0.00b  sync=+0.159  spacing=258cm
  Seq  140  frames  4032– 4060  →  [2] DEFENDING               conf=1.000  H=0.00b  sync=+0.098  spacing=254cm
  Seq  141  frames  4061– 4089  →  [2] DEFENDING               conf=1.000  H=0.00b  sync=+0.111  spacing=225cm
  Seq  142  frames  4090– 4118  →  [2] DEFENDING               conf=1.000  H=0.00b  sync=+0.128  spacing=207cm
  Seq  143  frames  4119– 4147  →  [2] DEFENDING               conf=1.000  H=0.00b  sync=+0.205  spacing=165cm
  Seq  144  frames  4148– 4176  →  [1] ATTACKING               conf=1.000  H=0.00b  sync=+0.058  spacing=118cm
  … 4200/90451 frames (5%)
  Seq  145  frames  4177– 4205  →  [2] DEFENDING               conf=1.000  H=0.00b  sync=+0.053  spacing=100cm
  Seq  146  frames  4206– 4234  →  [1] ATTACKING               conf=1.000  H=0.00b  sync=-0.022  spacing=101cm
  Seq  147  frames  4235– 4263  →  [2] DEFENDING               conf=1.000  H=0.00b  sync=+0.161  spacing=98cm
  Seq  148  frames  4264– 4292  →  [2] DEFENDING               conf=1.000  H=0.00b  sync=+0.189  spacing=104cm
  Seq  149  frames  4293– 4321  →  [1] ATTACKING               conf=1.000  H=0.00b  sync=+0.152  spacing=103cm
  Seq  150  frames  4322– 4350  →  [1] ATTACKING               conf=1.000  H=0.00b  sync=+0.139  spacing=112cm
  Seq  151  frames  4351– 4379  →  [4] SPACING BREAKDOWN       conf=1.000  H=0.00b  sync=+0.213  spacing=346cm
  Seq  152  frames  4380– 4408  →  [4] SPACING BREAKDOWN       conf=1.000  H=0.00b  sync=+0.171  spacing=324cm
  Seq  153  frames  4409– 4437  →  [3] DELAYED SUPPORT         conf=1.000  H=0.00b  sync=+0.180  spacing=219cm
  Seq  154  frames  4438– 4466  →  [4] SPACING BREAKDOWN       conf=1.000  H=0.00b  sync=+0.174  spacing=221cm
  Seq  155  frames  4467– 4495  →  [2] DEFENDING               conf=1.000  H=0.00b  sync=+0.057  spacing=223cm
  … 4500/90451 frames (5%)
  Seq  156  frames  4496– 4524  →  [3] DELAYED SUPPORT         conf=1.000  H=0.00b  sync=+0.137  spacing=223cm
  Seq  157  frames  4525– 4553  →  [4] SPACING BREAKDOWN       conf=1.000  H=0.00b  sync=-0.065  spacing=200cm
  Seq  158  frames  4554– 4582  →  [3] DELAYED SUPPORT         conf=1.000  H=0.00b  sync=-0.022  spacing=240cm
  Seq  159  frames  4583– 4611  →  [3] DELAYED SUPPORT         conf=1.000  H=0.00b  sync=+0.050  spacing=262cm
  Seq  160  frames  4612– 4640  →  [3] DELAYED SUPPORT         conf=1.000  H=0.00b  sync=+0.049  spacing=206cm
  Seq  161  frames  4641– 4669  →  [3] DELAYED SUPPORT         conf=1.000  H=0.00b  sync=+0.024  spacing=126cm
  Seq  162  frames  4670– 4698  →  [2] DEFENDING               conf=1.000  H=0.00b  sync=+0.202  spacing=150cm
  Seq  163  frames  4699– 4727  →  [2] DEFENDING               conf=1.000  H=0.00b  sync=+0.096  spacing=149cm
  Seq  164  frames  4728– 4756  →  [2] DEFENDING               conf=1.000  H=0.00b  sync=+0.084  spacing=191cm
  Seq  165  frames  4757– 4785  →  [2] DEFENDING               conf=1.000  H=0.00b  sync=+0.090  spacing=195cm
  … 4800/90451 frames (5%)
  Seq  166  frames  4786– 4814  →  [4] SPACING BREAKDOWN       conf=1.000  H=0.00b  sync=+0.181  spacing=158cm
  Seq  167  frames  4815– 4843  →  [1] ATTACKING               conf=1.000  H=0.00b  sync=-0.015  spacing=133cm
  Seq  168  frames  4844– 4872  →  [3] DELAYED SUPPORT         conf=1.000  H=0.00b  sync=+0.020  spacing=142cm
  Seq  169  frames  4873– 4901  →  [2] DEFENDING               conf=1.000  H=0.00b  sync=+0.089  spacing=137cm
  Seq  170  frames  4902– 4930  →  [2] DEFENDING               conf=1.000  H=0.00b  sync=+0.163  spacing=112cm
  Seq  171  frames  4931– 4959  →  [3] DELAYED SUPPORT         conf=1.000  H=0.00b  sync=+0.325  spacing=108cm
  Seq  172  frames  4960– 4988  →  [2] DEFENDING               conf=1.000  H=0.00b  sync=+0.169  spacing=132cm
  Seq  173  frames  4989– 5017  →  [1] ATTACKING               conf=1.000  H=0.00b  sync=+0.228  spacing=152cm
  Seq  174  frames  5018– 5046  →  [3] DELAYED SUPPORT         conf=1.000  H=0.00b  sync=+0.195  spacing=201cm
  Seq  175  frames  5047– 5075  →  [4] SPACING BREAKDOWN       conf=1.000  H=0.00b  sync=+0.170  spacing=214cm
  … 5100/90451 frames (6%)
  Seq  176  frames  5076– 5104  →  [0] TRANSITION / DEAD BALL  conf=1.000  H=0.00b  sync=+0.083  spacing=190cm
  Seq  177  frames  5105– 5133  →  [2] DEFENDING               conf=1.000  H=0.00b  sync=+0.095  spacing=181cm
  Seq  178  frames  5134– 5162  →  [2] DEFENDING               conf=1.000  H=0.00b  sync=+0.120  spacing=181cm
  Seq  179  frames  5163– 5191  →  [3] DELAYED SUPPORT         conf=1.000  H=0.00b  sync=+0.139  spacing=232cm
  Seq  180  frames  5192– 5220  →  [3] DELAYED SUPPORT         conf=1.000  H=0.00b  sync=+0.092  spacing=220cm
  Seq  181  frames  5221– 5249  →  [2] DEFENDING               conf=1.000  H=0.00b  sync=+0.193  spacing=170cm
  Seq  182  frames  5250– 5278  →  [3] DELAYED SUPPORT         conf=1.000  H=0.00b  sync=+0.038  spacing=220cm
  Seq  183  frames  5279– 5307  →  [3] DELAYED SUPPORT         conf=1.000  H=0.00b  sync=+0.041  spacing=252cm
  Seq  184  frames  5308– 5336  →  [2] DEFENDING               conf=1.000  H=0.00b  sync=+0.369  spacing=141cm
  Seq  185  frames  5337– 5365  →  [4] SPACING BREAKDOWN       conf=1.000  H=0.00b  sync=+0.110  spacing=154cm
  Seq  186  frames  5366– 5394  →  [2] DEFENDING               conf=1.000  H=0.00b  sync=+0.059  spacing=201cm
  … 5400/90451 frames (6%)
  Seq  187  frames  5395– 5423  →  [2] DEFENDING               conf=1.000  H=0.00b  sync=+0.009  spacing=188cm
  Seq  188  frames  5424– 5452  →  [2] DEFENDING               conf=1.000  H=0.00b  sync=+0.075  spacing=186cm
  Seq  189  frames  5453– 5481  →  [2] DEFENDING               conf=1.000  H=0.00b  sync=-0.011  spacing=206cm
  Seq  190  frames  5482– 5510  →  [2] DEFENDING               conf=1.000  H=0.00b  sync=-0.001  spacing=200cm
  Seq  191  frames  5511– 5539  →  [3] DELAYED SUPPORT         conf=1.000  H=0.00b  sync=+0.004  spacing=213cm
  Seq  192  frames  5540– 5568  →  [4] SPACING BREAKDOWN       conf=1.000  H=0.00b  sync=+0.120  spacing=202cm
  Seq  193  frames  5569– 5597  →  [2] DEFENDING               conf=1.000  H=0.00b  sync=+0.249  spacing=142cm
  Seq  194  frames  5598– 5626  →  [4] SPACING BREAKDOWN       conf=1.000  H=0.00b  sync=+0.257  spacing=156cm
  Seq  195  frames  5627– 5655  →  [4] SPACING BREAKDOWN       conf=1.000  H=0.00b  sync=+0.144  spacing=134cm
  Seq  196  frames  5656– 5684  →  [4] SPACING BREAKDOWN       conf=1.000  H=0.00b  sync=+0.207  spacing=178cm
  … 5700/90451 frames (6%)
  Seq  197  frames  5685– 5713  →  [3] DELAYED SUPPORT         conf=1.000  H=0.00b  sync=+0.085  spacing=130cm
  Seq  198  frames  5714– 5742  →  [2] DEFENDING               conf=1.000  H=0.00b  sync=+0.143  spacing=141cm
  Seq  199  frames  5743– 5771  →  [3] DELAYED SUPPORT         conf=1.000  H=0.00b  sync=+0.160  spacing=123cm
  Seq  200  frames  5772– 5800  →  [2] DEFENDING               conf=1.000  H=0.00b  sync=+0.115  spacing=125cm
  Seq  201  frames  5801– 5829  →  [3] DELAYED SUPPORT         conf=1.000  H=0.00b  sync=+0.099  spacing=121cm
  Seq  202  frames  5830– 5858  →  [2] DEFENDING               conf=1.000  H=0.00b  sync=+0.075  spacing=137cm
  Seq  203  frames  5859– 5887  →  [2] DEFENDING               conf=1.000  H=0.00b  sync=+0.278  spacing=178cm
  Seq  204  frames  5888– 5916  →  [2] DEFENDING               conf=1.000  H=0.00b  sync=+0.219  spacing=170cm
  Seq  205  frames  5917– 5945  →  [2] DEFENDING               conf=1.000  H=0.00b  sync=+0.358  spacing=175cm
  Seq  206  frames  5946– 5974  →  [2] DEFENDING               conf=1.000  H=0.00b  sync=+0.311  spacing=186cm
  … 6000/90451 frames (7%)
Reached --max-frames limit (6000); stopping.

Annotated video saved to 'HEATMAPS_OUTPUT/videoplayback_3_annotated_PREVIEW_2min.mp4'.

Total frames processed : 6001
Total sequences classified : 206
Sequences flagged anomalous (conf < 0.5) : 0
Detections masked outside court : 8762
Auto court detection : 1182 ok / 18 kept-previous

========================================================
           Team Coordination Analysis
========================================================
  [1] Coordinated Attack   :   18    9%  ██░░░░░░░░░░░░░░░░░░
  [2] Coordinated Defense  :  124   60%  ████████████░░░░░░░░
  [3] Delayed Support      :   34   17%  ███░░░░░░░░░░░░░░░░░
  [4] Spacing Breakdown    :   21   10%  ██░░░░░░░░░░░░░░░░░░
  [0] Unclassified/Trans.  :    9    4%  █░░░░░░░░░░░░░░░░░░░

  Total windows analysed        : 206  (tactical: 197)
  Coordination efficiency score : 72%

  Insights:
  • High Coordinated Defense → excellent defensive cohesion.
  • Overall coordination: GOOD (≥ 60% positive).
========================================================
