Loading detector model : yolo11n.pt
Loading ball model     : fyp/volleyball_best.pt
  Detector backend : dual(players=ultralytics:yolo11n.pt@1280, ball=ultralytics:fyp/volleyball_best.pt@1280)
  Detector classes : {0: 'person', 1: 'bicycle', 2: 'car', 3: 'motorcycle', 4: 'airplane', 5: 'bus', 6: 'train', 7: 'truck', 8: 'boat', 9: 'traffic light', 10: 'fire hydrant', 11: 'stop sign', 12: 'parking meter', 13: 'bench', 14: 'bird', 15: 'cat', 16: 'dog', 17: 'horse', 18: 'sheep', 19: 'cow', 20: 'elephant', 21: 'bear', 22: 'zebra', 23: 'giraffe', 24: 'backpack', 25: 'umbrella', 26: 'handbag', 27: 'tie', 28: 'suitcase', 29: 'frisbee', 30: 'skis', 31: 'snowboard', 32: 'sports ball', 33: 'kite', 34: 'baseball bat', 35: 'baseball glove', 36: 'skateboard', 37: 'surfboard', 38: 'tennis racket', 39: 'bottle', 40: 'wine glass', 41: 'cup', 42: 'fork', 43: 'knife', 44: 'spoon', 45: 'bowl', 46: 'banana', 47: 'apple', 48: 'sandwich', 49: 'orange', 50: 'broccoli', 51: 'carrot', 52: 'hot dog', 53: 'pizza', 54: 'donut', 55: 'cake', 56: 'chair', 57: 'couch', 58: 'potted plant', 59: 'bed', 60: 'dining table', 61: 'toilet', 62: 'tv', 63: 'laptop', 64: 'mouse', 65: 'remote', 66: 'keyboard', 67: 'cell phone', 68: 'microwave', 69: 'oven', 70: 'toaster', 71: 'sink', 72: 'refrigerator', 73: 'book', 74: 'clock', 75: 'vase', 76: 'scissors', 77: 'teddy bear', 78: 'hair drier', 79: 'toothbrush'}
  Using person_id=0  ball_id=0
No checkpoint supplied – using rule-based classification.

Opening video: dataset/videoplayback (3).mp4
  1920×1080  50.00 FPS  ~90451 frames
[tracking] BoT-SORT: Kalman process noise Q scaled x4 (measurement noise R unchanged).
Tracker : botsort (motion+appearance, GMC sparseOptFlow, ReID on, ultralytics)
Court homography computed from supplied corner points.
Team-side filter: BOTTOM side of net (net margin: 30.0 cm)
Class-0 gate: mean speed < 2.0 cm/frame or < 3 players visible -> Unclassified
  Output video: heatmaps/_stage_a_boxes_10min.mp4
Team split: jersey colour (4 clusters, 45-frame warm-up, per-track vote)

Preflight check
  frames sampled                    : 24
  people/frame (detector)           : 13
  people/frame (after court mask)   : 11
  players/frame (after team split)  : 6
  ball recall                       : 67%
  All preflight checks passed.

Processing frames…
  Seq    1  frames     1–   29  →  [0] TRANSITION / DEAD BALL  conf=1.000  H=0.00b  sync=+0.174  spacing=249cm
  Seq    2  frames    30–   58  →  [0] TRANSITION / DEAD BALL  conf=1.000  H=0.00b  sync=+0.250  spacing=250cm
  Seq    3  frames    59–   87  →  [0] TRANSITION / DEAD BALL  conf=1.000  H=0.00b  sync=+0.128  spacing=252cm
  Seq    4  frames    88–  116  →  [0] TRANSITION / DEAD BALL  conf=1.000  H=0.00b  sync=+0.028  spacing=252cm
  Seq    5  frames   117–  145  →  [1] ATTACKING               conf=1.000  H=0.00b  sync=+0.125  spacing=251cm
  Seq    6  frames   146–  174  →  [1] ATTACKING               conf=1.000  H=0.00b  sync=-0.003  spacing=258cm
  Seq    7  frames   175–  203  →  [2] DEFENDING               conf=1.000  H=0.00b  sync=-0.009  spacing=207cm
  Seq    8  frames   204–  232  →  [2] DEFENDING               conf=1.000  H=0.00b  sync=+0.195  spacing=218cm
  Seq    9  frames   233–  261  →  [2] DEFENDING               conf=1.000  H=0.00b  sync=-0.034  spacing=277cm
  Seq   10  frames   262–  290  →  [2] DEFENDING               conf=1.000  H=0.00b  sync=-0.035  spacing=293cm
  … 300/90451 frames (0%)
  Seq   11  frames   291–  319  →  [1] ATTACKING               conf=1.000  H=0.00b  sync=-0.018  spacing=294cm
  Seq   12  frames   320–  348  →  [1] ATTACKING               conf=1.000  H=0.00b  sync=-0.009  spacing=230cm
  Seq   13  frames   349–  377  →  [2] DEFENDING               conf=1.000  H=0.00b  sync=-0.087  spacing=186cm
  Seq   14  frames   378–  406  →  [3] DELAYED SUPPORT         conf=1.000  H=0.00b  sync=-0.044  spacing=181cm
  Seq   15  frames   407–  435  →  [2] DEFENDING               conf=1.000  H=0.00b  sync=+0.147  spacing=119cm
  Seq   16  frames   436–  464  →  [1] ATTACKING               conf=1.000  H=0.00b  sync=+0.076  spacing=122cm
  Seq   17  frames   465–  493  →  [3] DELAYED SUPPORT         conf=1.000  H=0.00b  sync=+0.008  spacing=144cm
  Seq   18  frames   494–  522  →  [2] DEFENDING               conf=1.000  H=0.00b  sync=+0.008  spacing=218cm
  Seq   19  frames   523–  551  →  [2] DEFENDING               conf=1.000  H=0.00b  sync=+0.046  spacing=173cm
  Seq   20  frames   552–  580  →  [0] TRANSITION / DEAD BALL  conf=1.000  H=0.00b  sync=+0.144  spacing=173cm
  … 600/90451 frames (1%)
  Seq   21  frames   581–  609  →  [3] DELAYED SUPPORT         conf=1.000  H=0.00b  sync=+0.081  spacing=173cm
  Seq   22  frames   610–  638  →  [1] ATTACKING               conf=1.000  H=0.00b  sync=+0.041  spacing=162cm
  Seq   23  frames   639–  667  →  [2] DEFENDING               conf=1.000  H=0.00b  sync=-0.047  spacing=134cm
  Seq   24  frames   668–  696  →  [1] ATTACKING               conf=1.000  H=0.00b  sync=-0.087  spacing=149cm
  Seq   25  frames   697–  725  →  [1] ATTACKING               conf=1.000  H=0.00b  sync=+0.043  spacing=205cm
  Seq   26  frames   726–  754  →  [1] ATTACKING               conf=1.000  H=0.00b  sync=+0.244  spacing=187cm
  Seq   27  frames   755–  783  →  [1] ATTACKING               conf=1.000  H=0.00b  sync=+0.092  spacing=227cm
  Seq   28  frames   784–  812  →  [1] ATTACKING               conf=1.000  H=0.00b  sync=-0.075  spacing=188cm
  Seq   29  frames   813–  841  →  [2] DEFENDING               conf=1.000  H=0.00b  sync=-0.068  spacing=146cm
  Seq   30  frames   842–  870  →  [1] ATTACKING               conf=1.000  H=0.00b  sync=+0.008  spacing=189cm
  Seq   31  frames   871–  899  →  [1] ATTACKING               conf=1.000  H=0.00b  sync=-0.107  spacing=242cm
  … 900/90451 frames (1%)
  Seq   32  frames   900–  928  →  [1] ATTACKING               conf=1.000  H=0.00b  sync=-0.104  spacing=226cm
  Seq   33  frames   929–  957  →  [2] DEFENDING               conf=1.000  H=0.00b  sync=+0.065  spacing=264cm
  Seq   34  frames   958–  986  →  [0] TRANSITION / DEAD BALL  conf=1.000  H=0.00b  sync=+0.318  spacing=241cm
  Seq   35  frames   987– 1015  →  [0] TRANSITION / DEAD BALL  conf=1.000  H=0.00b  sync=+0.264  spacing=193cm
  Seq   36  frames  1016– 1044  →  [0] TRANSITION / DEAD BALL  conf=1.000  H=0.00b  sync=+0.233  spacing=184cm
  Seq   37  frames  1045– 1073  →  [0] TRANSITION / DEAD BALL  conf=1.000  H=0.00b  sync=+0.133  spacing=178cm
  Seq   38  frames  1074– 1102  →  [1] ATTACKING               conf=1.000  H=0.00b  sync=+0.057  spacing=213cm
  Seq   39  frames  1103– 1131  →  [1] ATTACKING               conf=1.000  H=0.00b  sync=-0.083  spacing=270cm
  Seq   40  frames  1132– 1160  →  [1] ATTACKING               conf=1.000  H=0.00b  sync=-0.052  spacing=234cm
  Seq   41  frames  1161– 1189  →  [1] ATTACKING               conf=1.000  H=0.00b  sync=-0.058  spacing=263cm
  … 1200/90451 frames (1%)
  Seq   42  frames  1190– 1218  →  [1] ATTACKING               conf=1.000  H=0.00b  sync=+0.087  spacing=326cm
  Seq   43  frames  1219– 1247  →  [2] DEFENDING               conf=1.000  H=0.00b  sync=+0.018  spacing=353cm
  Seq   44  frames  1248– 1276  →  [2] DEFENDING               conf=1.000  H=0.00b  sync=+0.032  spacing=253cm
  Seq   45  frames  1277– 1305  →  [1] ATTACKING               conf=1.000  H=0.00b  sync=-0.075  spacing=256cm
  Seq   46  frames  1306– 1334  →  [1] ATTACKING               conf=1.000  H=0.00b  sync=-0.014  spacing=222cm
  Seq   47  frames  1335– 1363  →  [3] DELAYED SUPPORT         conf=1.000  H=0.00b  sync=-0.065  spacing=159cm
  Seq   48  frames  1364– 1392  →  [1] ATTACKING               conf=1.000  H=0.00b  sync=-0.047  spacing=121cm
  Seq   49  frames  1393– 1421  →  [1] ATTACKING               conf=1.000  H=0.00b  sync=+0.012  spacing=126cm
  Seq   50  frames  1422– 1450  →  [3] DELAYED SUPPORT         conf=1.000  H=0.00b  sync=-0.040  spacing=138cm
  Seq   51  frames  1451– 1479  →  [2] DEFENDING               conf=1.000  H=0.00b  sync=-0.071  spacing=192cm
  … 1500/90451 frames (2%)
  Seq   52  frames  1480– 1508  →  [2] DEFENDING               conf=1.000  H=0.00b  sync=+0.044  spacing=180cm
  Seq   53  frames  1509– 1537  →  [2] DEFENDING               conf=1.000  H=0.00b  sync=-0.013  spacing=166cm
  Seq   54  frames  1538– 1566  →  [3] DELAYED SUPPORT         conf=1.000  H=0.00b  sync=+0.037  spacing=157cm
  Seq   55  frames  1567– 1595  →  [0] TRANSITION / DEAD BALL  conf=1.000  H=0.00b  sync=+0.021  spacing=194cm
  Seq   56  frames  1596– 1624  →  [1] ATTACKING               conf=1.000  H=0.00b  sync=+0.049  spacing=216cm
  Seq   57  frames  1625– 1653  →  [1] ATTACKING               conf=1.000  H=0.00b  sync=+0.093  spacing=214cm
  Seq   58  frames  1654– 1682  →  [1] ATTACKING               conf=1.000  H=0.00b  sync=-0.000  spacing=216cm
  Seq   59  frames  1683– 1711  →  [2] DEFENDING               conf=1.000  H=0.00b  sync=+0.006  spacing=182cm
  Seq   60  frames  1712– 1740  →  [2] DEFENDING               conf=1.000  H=0.00b  sync=-0.056  spacing=177cm
  Seq   61  frames  1741– 1769  →  [0] TRANSITION / DEAD BALL  conf=1.000  H=0.00b  sync=-0.073  spacing=192cm
  Seq   62  frames  1770– 1798  →  [0] TRANSITION / DEAD BALL  conf=1.000  H=0.00b  sync=+0.036  spacing=212cm
  … 1800/90451 frames (2%)
  Seq   63  frames  1799– 1827  →  [0] TRANSITION / DEAD BALL  conf=1.000  H=0.00b  sync=+0.059  spacing=217cm
  Seq   64  frames  1828– 1856  →  [1] ATTACKING               conf=1.000  H=0.00b  sync=+0.129  spacing=225cm
  Seq   65  frames  1857– 1885  →  [2] DEFENDING               conf=1.000  H=0.00b  sync=+0.416  spacing=258cm
  Seq   66  frames  1886– 1914  →  [1] ATTACKING               conf=1.000  H=0.00b  sync=+0.000  spacing=244cm
  Seq   67  frames  1915– 1943  →  [2] DEFENDING               conf=1.000  H=0.00b  sync=+0.042  spacing=174cm
  Seq   68  frames  1944– 1972  →  [2] DEFENDING               conf=1.000  H=0.00b  sync=-0.000  spacing=194cm
  Seq   69  frames  1973– 2001  →  [1] ATTACKING               conf=1.000  H=0.00b  sync=+0.029  spacing=162cm
  Seq   70  frames  2002– 2030  →  [1] ATTACKING               conf=1.000  H=0.00b  sync=+0.063  spacing=147cm
  Seq   71  frames  2031– 2059  →  [2] DEFENDING               conf=1.000  H=0.00b  sync=+0.097  spacing=169cm
  Seq   72  frames  2060– 2088  →  [3] DELAYED SUPPORT         conf=1.000  H=0.00b  sync=+0.021  spacing=239cm
  … 2100/90451 frames (2%)
  Seq   73  frames  2089– 2117  →  [1] ATTACKING               conf=1.000  H=0.00b  sync=-0.087  spacing=208cm
  Seq   74  frames  2118– 2146  →  [1] ATTACKING               conf=1.000  H=0.00b  sync=+0.031  spacing=148cm
  Seq   75  frames  2147– 2175  →  [1] ATTACKING               conf=1.000  H=0.00b  sync=+0.103  spacing=151cm
  Seq   76  frames  2176– 2204  →  [3] DELAYED SUPPORT         conf=1.000  H=0.00b  sync=+0.052  spacing=233cm
  Seq   77  frames  2205– 2233  →  [2] DEFENDING               conf=1.000  H=0.00b  sync=+0.065  spacing=236cm
  Seq   78  frames  2234– 2262  →  [3] DELAYED SUPPORT         conf=1.000  H=0.00b  sync=+0.118  spacing=237cm
  Seq   79  frames  2263– 2291  →  [1] ATTACKING               conf=1.000  H=0.00b  sync=-0.003  spacing=211cm
  Seq   80  frames  2292– 2320  →  [2] DEFENDING               conf=1.000  H=0.00b  sync=-0.044  spacing=162cm
  Seq   81  frames  2321– 2349  →  [3] DELAYED SUPPORT         conf=1.000  H=0.00b  sync=-0.040  spacing=160cm
  Seq   82  frames  2350– 2378  →  [3] DELAYED SUPPORT         conf=1.000  H=0.00b  sync=-0.062  spacing=180cm
  … 2400/90451 frames (3%)
  Seq   83  frames  2379– 2407  →  [0] TRANSITION / DEAD BALL  conf=1.000  H=0.00b  sync=+0.008  spacing=185cm
  Seq   84  frames  2408– 2436  →  [0] TRANSITION / DEAD BALL  conf=1.000  H=0.00b  sync=-0.039  spacing=209cm
  Seq   85  frames  2437– 2465  →  [3] DELAYED SUPPORT         conf=1.000  H=0.00b  sync=+0.123  spacing=214cm
  Seq   86  frames  2466– 2494  →  [1] ATTACKING               conf=1.000  H=0.00b  sync=+0.122  spacing=227cm
  Seq   87  frames  2495– 2523  →  [1] ATTACKING               conf=1.000  H=0.00b  sync=+0.016  spacing=247cm
  Seq   88  frames  2524– 2552  →  [1] ATTACKING               conf=1.000  H=0.00b  sync=+0.114  spacing=192cm
  Seq   89  frames  2553– 2581  →  [1] ATTACKING               conf=1.000  H=0.00b  sync=-0.064  spacing=169cm
  Seq   90  frames  2582– 2610  →  [3] DELAYED SUPPORT         conf=1.000  H=0.00b  sync=+0.016  spacing=199cm
  Seq   91  frames  2611– 2639  →  [1] ATTACKING               conf=1.000  H=0.00b  sync=+0.017  spacing=199cm
  Seq   92  frames  2640– 2668  →  [1] ATTACKING               conf=1.000  H=0.00b  sync=-0.031  spacing=214cm
  Seq   93  frames  2669– 2697  →  [2] DEFENDING               conf=1.000  H=0.00b  sync=+0.020  spacing=292cm
  … 2700/90451 frames (3%)
  Seq   94  frames  2698– 2726  →  [1] ATTACKING               conf=1.000  H=0.00b  sync=+0.038  spacing=281cm
  Seq   95  frames  2727– 2755  →  [2] DEFENDING               conf=1.000  H=0.00b  sync=+0.007  spacing=238cm
  Seq   96  frames  2756– 2784  →  [0] TRANSITION / DEAD BALL  conf=1.000  H=0.00b  sync=+0.148  spacing=223cm
  Seq   97  frames  2785– 2813  →  [0] TRANSITION / DEAD BALL  conf=1.000  H=0.00b  sync=+0.186  spacing=198cm
  Seq   98  frames  2814– 2842  →  [0] TRANSITION / DEAD BALL  conf=1.000  H=0.00b  sync=+0.065  spacing=184cm
  Seq   99  frames  2843– 2871  →  [1] ATTACKING               conf=1.000  H=0.00b  sync=+0.047  spacing=188cm
  Seq  100  frames  2872– 2900  →  [1] ATTACKING               conf=1.000  H=0.00b  sync=+0.041  spacing=235cm
  Seq  101  frames  2901– 2929  →  [1] ATTACKING               conf=1.000  H=0.00b  sync=-0.075  spacing=248cm
  Seq  102  frames  2930– 2958  →  [1] ATTACKING               conf=1.000  H=0.00b  sync=-0.040  spacing=329cm
  Seq  103  frames  2959– 2987  →  [2] DEFENDING               conf=1.000  H=0.00b  sync=-0.134  spacing=246cm
  … 3000/90451 frames (3%)
  Seq  104  frames  2988– 3016  →  [2] DEFENDING               conf=1.000  H=0.00b  sync=-0.050  spacing=177cm
  Seq  105  frames  3017– 3045  →  [2] DEFENDING               conf=1.000  H=0.00b  sync=-0.039  spacing=188cm
  Seq  106  frames  3046– 3074  →  [1] ATTACKING               conf=1.000  H=0.00b  sync=-0.070  spacing=192cm
  Seq  107  frames  3075– 3103  →  [1] ATTACKING               conf=1.000  H=0.00b  sync=-0.030  spacing=172cm
  Seq  108  frames  3104– 3132  →  [1] ATTACKING               conf=1.000  H=0.00b  sync=+0.011  spacing=161cm
  Seq  109  frames  3133– 3161  →  [3] DELAYED SUPPORT         conf=1.000  H=0.00b  sync=+0.087  spacing=189cm
  Seq  110  frames  3162– 3190  →  [0] TRANSITION / DEAD BALL  conf=1.000  H=0.00b  sync=+0.082  spacing=178cm
  Seq  111  frames  3191– 3219  →  [0] TRANSITION / DEAD BALL  conf=1.000  H=0.00b  sync=+0.063  spacing=177cm
  Seq  112  frames  3220– 3248  →  [1] ATTACKING               conf=1.000  H=0.00b  sync=+0.100  spacing=183cm
  Seq  113  frames  3249– 3277  →  [0] TRANSITION / DEAD BALL  conf=1.000  H=0.00b  sync=+0.054  spacing=202cm
  … 3300/90451 frames (4%)
  Seq  114  frames  3278– 3306  →  [1] ATTACKING               conf=1.000  H=0.00b  sync=-0.046  spacing=186cm
  Seq  115  frames  3307– 3335  →  [1] ATTACKING               conf=1.000  H=0.00b  sync=-0.105  spacing=182cm
  Seq  116  frames  3336– 3364  →  [1] ATTACKING               conf=1.000  H=0.00b  sync=-0.010  spacing=171cm
  Seq  117  frames  3365– 3393  →  [1] ATTACKING               conf=1.000  H=0.00b  sync=-0.023  spacing=180cm
  Seq  118  frames  3394– 3422  →  [0] TRANSITION / DEAD BALL  conf=1.000  H=0.00b  sync=-0.090  spacing=168cm
  Seq  119  frames  3423– 3451  →  [1] ATTACKING               conf=1.000  H=0.00b  sync=-0.018  spacing=172cm
  Seq  120  frames  3452– 3480  →  [2] DEFENDING               conf=1.000  H=0.00b  sync=-0.001  spacing=168cm
  Seq  121  frames  3481– 3509  →  [1] ATTACKING               conf=1.000  H=0.00b  sync=+0.019  spacing=196cm
  Seq  122  frames  3510– 3538  →  [1] ATTACKING               conf=1.000  H=0.00b  sync=+0.111  spacing=195cm
  Seq  123  frames  3539– 3567  →  [1] ATTACKING               conf=1.000  H=0.00b  sync=+0.200  spacing=244cm
  Seq  124  frames  3568– 3596  →  [1] ATTACKING               conf=1.000  H=0.00b  sync=+0.317  spacing=270cm
  … 3600/90451 frames (4%)
  Seq  125  frames  3597– 3625  →  [1] ATTACKING               conf=1.000  H=0.00b  sync=+0.389  spacing=246cm
  Seq  126  frames  3626– 3654  →  [1] ATTACKING               conf=1.000  H=0.00b  sync=+0.053  spacing=212cm
  Seq  127  frames  3655– 3683  →  [2] DEFENDING               conf=1.000  H=0.00b  sync=+0.052  spacing=203cm
  Seq  128  frames  3684– 3712  →  [2] DEFENDING               conf=1.000  H=0.00b  sync=+0.037  spacing=224cm
  Seq  129  frames  3713– 3741  →  [1] ATTACKING               conf=1.000  H=0.00b  sync=+0.143  spacing=143cm
  Seq  130  frames  3742– 3770  →  [2] DEFENDING               conf=1.000  H=0.00b  sync=+0.136  spacing=188cm
  Seq  131  frames  3771– 3799  →  [0] TRANSITION / DEAD BALL  conf=1.000  H=0.00b  sync=+0.352  spacing=209cm
  Seq  132  frames  3800– 3828  →  [0] TRANSITION / DEAD BALL  conf=1.000  H=0.00b  sync=+0.329  spacing=212cm
  Seq  133  frames  3829– 3857  →  [1] ATTACKING               conf=1.000  H=0.00b  sync=+0.050  spacing=218cm
  Seq  134  frames  3858– 3886  →  [1] ATTACKING               conf=1.000  H=0.00b  sync=+0.002  spacing=213cm
  … 3900/90451 frames (4%)
  Seq  135  frames  3887– 3915  →  [1] ATTACKING               conf=1.000  H=0.00b  sync=+0.026  spacing=231cm
  Seq  136  frames  3916– 3944  →  [1] ATTACKING               conf=1.000  H=0.00b  sync=+0.131  spacing=275cm
  Seq  137  frames  3945– 3973  →  [2] DEFENDING               conf=1.000  H=0.00b  sync=+0.376  spacing=324cm
  Seq  138  frames  3974– 4002  →  [2] DEFENDING               conf=1.000  H=0.00b  sync=+0.277  spacing=219cm
  Seq  139  frames  4003– 4031  →  [2] DEFENDING               conf=1.000  H=0.00b  sync=+0.070  spacing=277cm
  Seq  140  frames  4032– 4060  →  [2] DEFENDING               conf=1.000  H=0.00b  sync=-0.007  spacing=275cm
  Seq  141  frames  4061– 4089  →  [1] ATTACKING               conf=1.000  H=0.00b  sync=+0.007  spacing=248cm
  Seq  142  frames  4090– 4118  →  [4] SPACING BREAKDOWN       conf=1.000  H=0.00b  sync=+0.046  spacing=212cm
  Seq  143  frames  4119– 4147  →  [4] SPACING BREAKDOWN       conf=1.000  H=0.00b  sync=-0.001  spacing=188cm
  Seq  144  frames  4148– 4176  →  [0] TRANSITION / DEAD BALL  conf=1.000  H=0.00b  sync=-0.112  spacing=172cm
  … 4200/90451 frames (5%)
  Seq  145  frames  4177– 4205  →  [1] ATTACKING               conf=1.000  H=0.00b  sync=-0.080  spacing=138cm
  Seq  146  frames  4206– 4234  →  [1] ATTACKING               conf=1.000  H=0.00b  sync=-0.056  spacing=121cm
  Seq  147  frames  4235– 4263  →  [0] TRANSITION / DEAD BALL  conf=1.000  H=0.00b  sync=-0.016  spacing=128cm
  Seq  148  frames  4264– 4292  →  [1] ATTACKING               conf=1.000  H=0.00b  sync=+0.059  spacing=126cm
  Seq  149  frames  4293– 4321  →  [1] ATTACKING               conf=1.000  H=0.00b  sync=-0.037  spacing=130cm
  Seq  150  frames  4322– 4350  →  [1] ATTACKING               conf=1.000  H=0.00b  sync=-0.009  spacing=137cm
  Seq  151  frames  4351– 4379  →  [4] SPACING BREAKDOWN       conf=1.000  H=0.00b  sync=+0.330  spacing=192cm
  Seq  152  frames  4380– 4408  →  [0] TRANSITION / DEAD BALL  conf=1.000  H=0.00b  sync=+0.321  spacing=226cm
  Seq  153  frames  4409– 4437  →  [0] TRANSITION / DEAD BALL  conf=1.000  H=0.00b  sync=+0.002  spacing=235cm
  Seq  154  frames  4438– 4466  →  [0] TRANSITION / DEAD BALL  conf=1.000  H=0.00b  sync=+0.043  spacing=229cm
  Seq  155  frames  4467– 4495  →  [2] DEFENDING               conf=1.000  H=0.00b  sync=+0.014  spacing=214cm
  … 4500/90451 frames (5%)
  Seq  156  frames  4496– 4524  →  [1] ATTACKING               conf=1.000  H=0.00b  sync=+0.075  spacing=227cm
  Seq  157  frames  4525– 4553  →  [4] SPACING BREAKDOWN       conf=1.000  H=0.00b  sync=+0.032  spacing=252cm
  Seq  158  frames  4554– 4582  →  [1] ATTACKING               conf=1.000  H=0.00b  sync=+0.051  spacing=301cm
  Seq  159  frames  4583– 4611  →  [3] DELAYED SUPPORT         conf=1.000  H=0.00b  sync=+0.135  spacing=320cm
  Seq  160  frames  4612– 4640  →  [2] DEFENDING               conf=1.000  H=0.00b  sync=+0.017  spacing=295cm
  Seq  161  frames  4641– 4669  →  [2] DEFENDING               conf=1.000  H=0.00b  sync=-0.079  spacing=322cm
  Seq  162  frames  4670– 4698  →  [2] DEFENDING               conf=1.000  H=0.00b  sync=+0.241  spacing=193cm
  Seq  163  frames  4699– 4727  →  [1] ATTACKING               conf=1.000  H=0.00b  sync=+0.063  spacing=161cm
  Seq  164  frames  4728– 4756  →  [3] DELAYED SUPPORT         conf=1.000  H=0.00b  sync=+0.139  spacing=181cm
  Seq  165  frames  4757– 4785  →  [1] ATTACKING               conf=1.000  H=0.00b  sync=-0.018  spacing=160cm
  … 4800/90451 frames (5%)
  Seq  166  frames  4786– 4814  →  [1] ATTACKING               conf=1.000  H=0.00b  sync=+0.151  spacing=140cm
  Seq  167  frames  4815– 4843  →  [1] ATTACKING               conf=1.000  H=0.00b  sync=-0.007  spacing=171cm
  Seq  168  frames  4844– 4872  →  [1] ATTACKING               conf=1.000  H=0.00b  sync=+0.020  spacing=141cm
  Seq  169  frames  4873– 4901  →  [1] ATTACKING               conf=1.000  H=0.00b  sync=+0.029  spacing=140cm
  Seq  170  frames  4902– 4930  →  [2] DEFENDING               conf=1.000  H=0.00b  sync=+0.175  spacing=120cm
  Seq  171  frames  4931– 4959  →  [3] DELAYED SUPPORT         conf=1.000  H=0.00b  sync=+0.248  spacing=126cm
  Seq  172  frames  4960– 4988  →  [0] TRANSITION / DEAD BALL  conf=1.000  H=0.00b  sync=+0.130  spacing=217cm
  Seq  173  frames  4989– 5017  →  [0] TRANSITION / DEAD BALL  conf=1.000  H=0.00b  sync=+0.273  spacing=220cm
  Seq  174  frames  5018– 5046  →  [0] TRANSITION / DEAD BALL  conf=1.000  H=0.00b  sync=+0.317  spacing=220cm
  Seq  175  frames  5047– 5075  →  [0] TRANSITION / DEAD BALL  conf=1.000  H=0.00b  sync=+0.066  spacing=220cm
  … 5100/90451 frames (6%)
  Seq  176  frames  5076– 5104  →  [0] TRANSITION / DEAD BALL  conf=1.000  H=0.00b  sync=-0.009  spacing=222cm
  Seq  177  frames  5105– 5133  →  [2] DEFENDING               conf=1.000  H=0.00b  sync=+0.019  spacing=222cm
  Seq  178  frames  5134– 5162  →  [1] ATTACKING               conf=1.000  H=0.00b  sync=+0.090  spacing=264cm
  Seq  179  frames  5163– 5191  →  [2] DEFENDING               conf=1.000  H=0.00b  sync=+0.293  spacing=300cm
  Seq  180  frames  5192– 5220  →  [4] SPACING BREAKDOWN       conf=1.000  H=0.00b  sync=+0.436  spacing=274cm
  Seq  181  frames  5221– 5249  →  [1] ATTACKING               conf=1.000  H=0.00b  sync=+0.061  spacing=208cm
  Seq  182  frames  5250– 5278  →  [2] DEFENDING               conf=1.000  H=0.00b  sync=+0.088  spacing=204cm
  Seq  183  frames  5279– 5307  →  [2] DEFENDING               conf=1.000  H=0.00b  sync=+0.240  spacing=249cm
  Seq  184  frames  5308– 5336  →  [1] ATTACKING               conf=1.000  H=0.00b  sync=+0.361  spacing=264cm
  Seq  185  frames  5337– 5365  →  [1] ATTACKING               conf=1.000  H=0.00b  sync=-0.059  spacing=226cm
  Seq  186  frames  5366– 5394  →  [1] ATTACKING               conf=1.000  H=0.00b  sync=-0.014  spacing=210cm
  … 5400/90451 frames (6%)
  Seq  187  frames  5395– 5423  →  [1] ATTACKING               conf=1.000  H=0.00b  sync=+0.057  spacing=187cm
  Seq  188  frames  5424– 5452  →  [0] TRANSITION / DEAD BALL  conf=1.000  H=0.00b  sync=+0.005  spacing=201cm
  Seq  189  frames  5453– 5481  →  [1] ATTACKING               conf=1.000  H=0.00b  sync=-0.024  spacing=244cm
  Seq  190  frames  5482– 5510  →  [1] ATTACKING               conf=1.000  H=0.00b  sync=-0.060  spacing=320cm
  Seq  191  frames  5511– 5539  →  [2] DEFENDING               conf=1.000  H=0.00b  sync=+0.025  spacing=348cm
  Seq  192  frames  5540– 5568  →  [2] DEFENDING               conf=1.000  H=0.00b  sync=+0.113  spacing=303cm
  Seq  193  frames  5569– 5597  →  [2] DEFENDING               conf=1.000  H=0.00b  sync=-0.002  spacing=246cm
  Seq  194  frames  5598– 5626  →  [3] DELAYED SUPPORT         conf=1.000  H=0.00b  sync=+0.068  spacing=219cm
  Seq  195  frames  5627– 5655  →  [3] DELAYED SUPPORT         conf=1.000  H=0.00b  sync=-0.082  spacing=183cm
  Seq  196  frames  5656– 5684  →  [1] ATTACKING               conf=1.000  H=0.00b  sync=-0.028  spacing=151cm
  … 5700/90451 frames (6%)
  Seq  197  frames  5685– 5713  →  [1] ATTACKING               conf=1.000  H=0.00b  sync=+0.046  spacing=145cm
  Seq  198  frames  5714– 5742  →  [2] DEFENDING               conf=1.000  H=0.00b  sync=+0.136  spacing=103cm
  Seq  199  frames  5743– 5771  →  [2] DEFENDING               conf=1.000  H=0.00b  sync=+0.149  spacing=150cm
  Seq  200  frames  5772– 5800  →  [2] DEFENDING               conf=1.000  H=0.00b  sync=-0.046  spacing=167cm
  Seq  201  frames  5801– 5829  →  [1] ATTACKING               conf=1.000  H=0.00b  sync=-0.007  spacing=174cm
  Seq  202  frames  5830– 5858  →  [3] DELAYED SUPPORT         conf=1.000  H=0.00b  sync=+0.023  spacing=167cm
  Seq  203  frames  5859– 5887  →  [1] ATTACKING               conf=1.000  H=0.00b  sync=+0.116  spacing=145cm
  Seq  204  frames  5888– 5916  →  [0] TRANSITION / DEAD BALL  conf=1.000  H=0.00b  sync=+0.205  spacing=137cm
  Seq  205  frames  5917– 5945  →  [0] TRANSITION / DEAD BALL  conf=1.000  H=0.00b  sync=+0.255  spacing=140cm
  Seq  206  frames  5946– 5974  →  [1] ATTACKING               conf=1.000  H=0.00b  sync=+0.245  spacing=130cm
  … 6000/90451 frames (7%)
  Seq  207  frames  5975– 6003  →  [1] ATTACKING               conf=1.000  H=0.00b  sync=+0.122  spacing=111cm
  Seq  208  frames  6004– 6032  →  [3] DELAYED SUPPORT         conf=1.000  H=0.00b  sync=+0.023  spacing=174cm
  Seq  209  frames  6033– 6061  →  [2] DEFENDING               conf=1.000  H=0.00b  sync=+0.031  spacing=231cm
  Seq  210  frames  6062– 6090  →  [1] ATTACKING               conf=1.000  H=0.00b  sync=-0.025  spacing=162cm
  Seq  211  frames  6091– 6119  →  [1] ATTACKING               conf=1.000  H=0.00b  sync=-0.036  spacing=212cm
  Seq  212  frames  6120– 6148  →  [1] ATTACKING               conf=1.000  H=0.00b  sync=-0.077  spacing=210cm
  Seq  213  frames  6149– 6177  →  [2] DEFENDING               conf=1.000  H=0.00b  sync=-0.031  spacing=240cm
  Seq  214  frames  6178– 6206  →  [2] DEFENDING               conf=1.000  H=0.00b  sync=+0.053  spacing=305cm
  Seq  215  frames  6207– 6235  →  [1] ATTACKING               conf=1.000  H=0.00b  sync=+0.039  spacing=243cm
  Seq  216  frames  6236– 6264  →  [1] ATTACKING               conf=1.000  H=0.00b  sync=+0.002  spacing=203cm
  Seq  217  frames  6265– 6293  →  [2] DEFENDING               conf=1.000  H=0.00b  sync=+0.026  spacing=225cm
  … 6300/90451 frames (7%)
  Seq  218  frames  6294– 6322  →  [1] ATTACKING               conf=1.000  H=0.00b  sync=+0.028  spacing=213cm
  Seq  219  frames  6323– 6351  →  [1] ATTACKING               conf=1.000  H=0.00b  sync=-0.019  spacing=228cm
  Seq  220  frames  6352– 6380  →  [2] DEFENDING               conf=1.000  H=0.00b  sync=-0.025  spacing=263cm
  Seq  221  frames  6381– 6409  →  [2] DEFENDING               conf=1.000  H=0.00b  sync=-0.032  spacing=252cm
  Seq  222  frames  6410– 6438  →  [1] ATTACKING               conf=1.000  H=0.00b  sync=-0.060  spacing=220cm
  Seq  223  frames  6439– 6467  →  [1] ATTACKING               conf=1.000  H=0.00b  sync=+0.092  spacing=206cm
  Seq  224  frames  6468– 6496  →  [2] DEFENDING               conf=1.000  H=0.00b  sync=+0.167  spacing=297cm
  Seq  225  frames  6497– 6525  →  [3] DELAYED SUPPORT         conf=1.000  H=0.00b  sync=+0.208  spacing=296cm
  Seq  226  frames  6526– 6554  →  [2] DEFENDING               conf=1.000  H=0.00b  sync=+0.234  spacing=295cm
  Seq  227  frames  6555– 6583  →  [1] ATTACKING               conf=1.000  H=0.00b  sync=-0.068  spacing=183cm
  … 6600/90451 frames (7%)
  Seq  228  frames  6584– 6612  →  [2] DEFENDING               conf=1.000  H=0.00b  sync=+0.119  spacing=170cm
  Seq  229  frames  6613– 6641  →  [1] ATTACKING               conf=1.000  H=0.00b  sync=+0.042  spacing=148cm
  Seq  230  frames  6642– 6670  →  [1] ATTACKING               conf=1.000  H=0.00b  sync=+0.032  spacing=159cm
  Seq  231  frames  6671– 6699  →  [1] ATTACKING               conf=1.000  H=0.00b  sync=-0.028  spacing=167cm
  Seq  232  frames  6700– 6728  →  [1] ATTACKING               conf=1.000  H=0.00b  sync=-0.083  spacing=250cm
  Seq  233  frames  6729– 6757  →  [1] ATTACKING               conf=1.000  H=0.00b  sync=+0.082  spacing=220cm
  Seq  234  frames  6758– 6786  →  [1] ATTACKING               conf=1.000  H=0.00b  sync=+0.201  spacing=229cm
  Seq  235  frames  6787– 6815  →  [2] DEFENDING               conf=1.000  H=0.00b  sync=+0.069  spacing=270cm
  Seq  236  frames  6816– 6844  →  [2] DEFENDING               conf=1.000  H=0.00b  sync=+0.233  spacing=277cm
  Seq  237  frames  6845– 6873  →  [2] DEFENDING               conf=1.000  H=0.00b  sync=+0.125  spacing=228cm
  … 6900/90451 frames (8%)
  Seq  238  frames  6874– 6902  →  [1] ATTACKING               conf=1.000  H=0.00b  sync=+0.068  spacing=284cm
  Seq  239  frames  6903– 6931  →  [1] ATTACKING               conf=1.000  H=0.00b  sync=-0.032  spacing=206cm
  Seq  240  frames  6932– 6960  →  [1] ATTACKING               conf=1.000  H=0.00b  sync=+0.050  spacing=136cm
  Seq  241  frames  6961– 6989  →  [0] TRANSITION / DEAD BALL  conf=1.000  H=0.00b  sync=+0.011  spacing=159cm
  Seq  242  frames  6990– 7018  →  [1] ATTACKING               conf=1.000  H=0.00b  sync=+0.007  spacing=151cm
  Seq  243  frames  7019– 7047  →  [1] ATTACKING               conf=1.000  H=0.00b  sync=-0.081  spacing=138cm
  Seq  244  frames  7048– 7076  →  [3] DELAYED SUPPORT         conf=1.000  H=0.00b  sync=+0.256  spacing=168cm
  Seq  245  frames  7077– 7105  →  [0] TRANSITION / DEAD BALL  conf=1.000  H=0.00b  sync=+0.285  spacing=223cm
  Seq  246  frames  7106– 7134  →  [0] TRANSITION / DEAD BALL  conf=1.000  H=0.00b  sync=+0.304  spacing=220cm
  Seq  247  frames  7135– 7163  →  [0] TRANSITION / DEAD BALL  conf=1.000  H=0.00b  sync=+0.094  spacing=217cm
  Seq  248  frames  7164– 7192  →  [1] ATTACKING               conf=1.000  H=0.00b  sync=-0.013  spacing=206cm
  … 7200/90451 frames (8%)
  Seq  249  frames  7193– 7221  →  [1] ATTACKING               conf=1.000  H=0.00b  sync=+0.008  spacing=210cm
  Seq  250  frames  7222– 7250  →  [2] DEFENDING               conf=1.000  H=0.00b  sync=+0.007  spacing=185cm
  Seq  251  frames  7251– 7279  →  [2] DEFENDING               conf=1.000  H=0.00b  sync=+0.090  spacing=221cm
  Seq  252  frames  7280– 7308  →  [2] DEFENDING               conf=1.000  H=0.00b  sync=-0.025  spacing=289cm
  Seq  253  frames  7309– 7337  →  [2] DEFENDING               conf=1.000  H=0.00b  sync=+0.003  spacing=322cm
  Seq  254  frames  7338– 7366  →  [2] DEFENDING               conf=1.000  H=0.00b  sync=-0.072  spacing=324cm
  Seq  255  frames  7367– 7395  →  [1] ATTACKING               conf=1.000  H=0.00b  sync=+0.058  spacing=274cm
  Seq  256  frames  7396– 7424  →  [3] DELAYED SUPPORT         conf=1.000  H=0.00b  sync=+0.222  spacing=217cm
  Seq  257  frames  7425– 7453  →  [1] ATTACKING               conf=1.000  H=0.00b  sync=+0.068  spacing=150cm
  Seq  258  frames  7454– 7482  →  [1] ATTACKING               conf=1.000  H=0.00b  sync=+0.287  spacing=128cm
  … 7500/90451 frames (8%)
  Seq  259  frames  7483– 7511  →  [1] ATTACKING               conf=1.000  H=0.00b  sync=-0.009  spacing=115cm
  Seq  260  frames  7512– 7540  →  [2] DEFENDING               conf=1.000  H=0.00b  sync=-0.018  spacing=158cm
  Seq  261  frames  7541– 7569  →  [1] ATTACKING               conf=1.000  H=0.00b  sync=-0.066  spacing=204cm
  Seq  262  frames  7570– 7598  →  [0] TRANSITION / DEAD BALL  conf=1.000  H=0.00b  sync=+0.035  spacing=170cm
  Seq  263  frames  7599– 7627  →  [4] SPACING BREAKDOWN       conf=1.000  H=0.00b  sync=+0.103  spacing=163cm
  Seq  264  frames  7628– 7656  →  [0] TRANSITION / DEAD BALL  conf=1.000  H=0.00b  sync=+0.367  spacing=156cm
  Seq  265  frames  7657– 7685  →  [0] TRANSITION / DEAD BALL  conf=1.000  H=0.00b  sync=+0.226  spacing=154cm
  Seq  266  frames  7686– 7714  →  [0] TRANSITION / DEAD BALL  conf=1.000  H=0.00b  sync=+0.142  spacing=142cm
  Seq  267  frames  7715– 7743  →  [1] ATTACKING               conf=1.000  H=0.00b  sync=-0.035  spacing=141cm
  Seq  268  frames  7744– 7772  →  [2] DEFENDING               conf=1.000  H=0.00b  sync=-0.088  spacing=154cm
  … 7800/90451 frames (9%)
  Seq  269  frames  7773– 7801  →  [0] TRANSITION / DEAD BALL  conf=1.000  H=0.00b  sync=-0.117  spacing=148cm
  Seq  270  frames  7802– 7830  →  [4] SPACING BREAKDOWN       conf=1.000  H=0.00b  sync=-0.080  spacing=201cm
  Seq  271  frames  7831– 7859  →  [1] ATTACKING               conf=1.000  H=0.00b  sync=-0.040  spacing=175cm
  Seq  272  frames  7860– 7888  →  [1] ATTACKING               conf=1.000  H=0.00b  sync=+0.012  spacing=146cm
  Seq  273  frames  7889– 7917  →  [1] ATTACKING               conf=1.000  H=0.00b  sync=+0.060  spacing=155cm
  Seq  274  frames  7918– 7946  →  [2] DEFENDING               conf=1.000  H=0.00b  sync=+0.060  spacing=170cm
  Seq  275  frames  7947– 7975  →  [1] ATTACKING               conf=1.000  H=0.00b  sync=-0.041  spacing=265cm
  Seq  276  frames  7976– 8004  →  [3] DELAYED SUPPORT         conf=1.000  H=0.00b  sync=-0.045  spacing=258cm
  Seq  277  frames  8005– 8033  →  [0] TRANSITION / DEAD BALL  conf=1.000  H=0.00b  sync=+0.223  spacing=296cm
  Seq  278  frames  8034– 8062  →  [0] TRANSITION / DEAD BALL  conf=1.000  H=0.00b  sync=+0.193  spacing=266cm
  Seq  279  frames  8063– 8091  →  [0] TRANSITION / DEAD BALL  conf=1.000  H=0.00b  sync=+0.137  spacing=265cm
  … 8100/90451 frames (9%)
  Seq  280  frames  8092– 8120  →  [0] TRANSITION / DEAD BALL  conf=1.000  H=0.00b  sync=+0.119  spacing=268cm
  Seq  281  frames  8121– 8149  →  [0] TRANSITION / DEAD BALL  conf=1.000  H=0.00b  sync=+0.064  spacing=241cm
  Seq  282  frames  8150– 8178  →  [3] DELAYED SUPPORT         conf=1.000  H=0.00b  sync=+0.020  spacing=240cm
  Seq  283  frames  8179– 8207  →  [1] ATTACKING               conf=1.000  H=0.00b  sync=+0.042  spacing=296cm
  Seq  284  frames  8208– 8236  →  [2] DEFENDING               conf=1.000  H=0.00b  sync=+0.712  spacing=266cm
  Seq  285  frames  8237– 8265  →  [2] DEFENDING               conf=1.000  H=0.00b  sync=+0.042  spacing=251cm
  Seq  286  frames  8266– 8294  →  [1] ATTACKING               conf=1.000  H=0.00b  sync=+0.123  spacing=305cm
  Seq  287  frames  8295– 8323  →  [1] ATTACKING               conf=1.000  H=0.00b  sync=-0.047  spacing=266cm
  Seq  288  frames  8324– 8352  →  [1] ATTACKING               conf=1.000  H=0.00b  sync=+0.127  spacing=225cm
  Seq  289  frames  8353– 8381  →  [0] TRANSITION / DEAD BALL  conf=1.000  H=0.00b  sync=-0.080  spacing=171cm
  … 8400/90451 frames (9%)
  Seq  290  frames  8382– 8410  →  [1] ATTACKING               conf=1.000  H=0.00b  sync=-0.095  spacing=119cm
  Seq  291  frames  8411– 8439  →  [2] DEFENDING               conf=1.000  H=0.00b  sync=+0.023  spacing=89cm
  Seq  292  frames  8440– 8468  →  [4] SPACING BREAKDOWN       conf=1.000  H=0.00b  sync=-0.024  spacing=181cm
  Seq  293  frames  8469– 8497  →  [4] SPACING BREAKDOWN       conf=1.000  H=0.00b  sync=+0.081  spacing=211cm
  Seq  294  frames  8498– 8526  →  [2] DEFENDING               conf=1.000  H=0.00b  sync=-0.009  spacing=216cm
  Seq  295  frames  8527– 8555  →  [1] ATTACKING               conf=1.000  H=0.00b  sync=+0.027  spacing=227cm
  Seq  296  frames  8556– 8584  →  [1] ATTACKING               conf=1.000  H=0.00b  sync=-0.033  spacing=220cm
  Seq  297  frames  8585– 8613  →  [1] ATTACKING               conf=1.000  H=0.00b  sync=+0.085  spacing=118cm
  Seq  298  frames  8614– 8642  →  [0] TRANSITION / DEAD BALL  conf=1.000  H=0.00b  sync=+0.234  spacing=157cm
  Seq  299  frames  8643– 8671  →  [0] TRANSITION / DEAD BALL  conf=1.000  H=0.00b  sync=+0.260  spacing=158cm
  Seq  300  frames  8672– 8700  →  [0] TRANSITION / DEAD BALL  conf=1.000  H=0.00b  sync=+0.122  spacing=154cm
  … 8700/90451 frames (10%)
  Seq  301  frames  8701– 8729  →  [0] TRANSITION / DEAD BALL  conf=1.000  H=0.00b  sync=+0.075  spacing=173cm
  Seq  302  frames  8730– 8758  →  [1] ATTACKING               conf=1.000  H=0.00b  sync=+0.066  spacing=193cm
  Seq  303  frames  8759– 8787  →  [2] DEFENDING               conf=1.000  H=0.00b  sync=-0.076  spacing=192cm
  Seq  304  frames  8788– 8816  →  [1] ATTACKING               conf=1.000  H=0.00b  sync=-0.082  spacing=169cm
  Seq  305  frames  8817– 8845  →  [1] ATTACKING               conf=1.000  H=0.00b  sync=+0.047  spacing=155cm
  Seq  306  frames  8846– 8874  →  [3] DELAYED SUPPORT         conf=1.000  H=0.00b  sync=-0.055  spacing=201cm
  Seq  307  frames  8875– 8903  →  [1] ATTACKING               conf=1.000  H=0.00b  sync=+0.089  spacing=199cm
  Seq  308  frames  8904– 8932  →  [1] ATTACKING               conf=1.000  H=0.00b  sync=+0.067  spacing=196cm
  Seq  309  frames  8933– 8961  →  [1] ATTACKING               conf=1.000  H=0.00b  sync=+0.017  spacing=183cm
  Seq  310  frames  8962– 8990  →  [1] ATTACKING               conf=1.000  H=0.00b  sync=+0.120  spacing=193cm
  … 9000/90451 frames (10%)
  Seq  311  frames  8991– 9019  →  [1] ATTACKING               conf=1.000  H=0.00b  sync=+0.061  spacing=213cm
  Seq  312  frames  9020– 9048  →  [1] ATTACKING               conf=1.000  H=0.00b  sync=-0.074  spacing=252cm
  Seq  313  frames  9049– 9077  →  [1] ATTACKING               conf=1.000  H=0.00b  sync=-0.060  spacing=200cm
  Seq  314  frames  9078– 9106  →  [1] ATTACKING               conf=1.000  H=0.00b  sync=-0.071  spacing=168cm
  Seq  315  frames  9107– 9135  →  [1] ATTACKING               conf=1.000  H=0.00b  sync=+0.068  spacing=155cm
  Seq  316  frames  9136– 9164  →  [3] DELAYED SUPPORT         conf=1.000  H=0.00b  sync=+0.097  spacing=197cm
  Seq  317  frames  9165– 9193  →  [0] TRANSITION / DEAD BALL  conf=1.000  H=0.00b  sync=+0.417  spacing=279cm
  Seq  318  frames  9194– 9222  →  [0] TRANSITION / DEAD BALL  conf=1.000  H=0.00b  sync=+0.207  spacing=247cm
  Seq  319  frames  9223– 9251  →  [0] TRANSITION / DEAD BALL  conf=1.000  H=0.00b  sync=+0.046  spacing=281cm
  Seq  320  frames  9252– 9280  →  [1] ATTACKING               conf=1.000  H=0.00b  sync=+0.007  spacing=216cm
  … 9300/90451 frames (10%)
  Seq  321  frames  9281– 9309  →  [1] ATTACKING               conf=1.000  H=0.00b  sync=+0.163  spacing=226cm
  Seq  322  frames  9310– 9338  →  [1] ATTACKING               conf=1.000  H=0.00b  sync=+0.096  spacing=270cm
  Seq  323  frames  9339– 9367  →  [1] ATTACKING               conf=1.000  H=0.00b  sync=+0.371  spacing=333cm
  Seq  324  frames  9368– 9396  →  [2] DEFENDING               conf=1.000  H=0.00b  sync=+0.420  spacing=313cm
  Seq  325  frames  9397– 9425  →  [1] ATTACKING               conf=1.000  H=0.00b  sync=+0.145  spacing=278cm
  Seq  326  frames  9426– 9454  →  [1] ATTACKING               conf=1.000  H=0.00b  sync=+0.015  spacing=235cm
  Seq  327  frames  9455– 9483  →  [1] ATTACKING               conf=1.000  H=0.00b  sync=+0.074  spacing=236cm
  Seq  328  frames  9484– 9512  →  [1] ATTACKING               conf=1.000  H=0.00b  sync=+0.298  spacing=242cm
  Seq  329  frames  9513– 9541  →  [1] ATTACKING               conf=1.000  H=0.00b  sync=+0.345  spacing=231cm
  Seq  330  frames  9542– 9570  →  [1] ATTACKING               conf=1.000  H=0.00b  sync=+0.155  spacing=196cm
  Seq  331  frames  9571– 9599  →  [1] ATTACKING               conf=1.000  H=0.00b  sync=-0.006  spacing=162cm
  … 9600/90451 frames (11%)
  Seq  332  frames  9600– 9628  →  [1] ATTACKING               conf=1.000  H=0.00b  sync=-0.063  spacing=148cm
  Seq  333  frames  9629– 9657  →  [2] DEFENDING               conf=1.000  H=0.00b  sync=+0.037  spacing=171cm
  Seq  334  frames  9658– 9686  →  [1] ATTACKING               conf=1.000  H=0.00b  sync=+0.038  spacing=200cm
  Seq  335  frames  9687– 9715  →  [1] ATTACKING               conf=1.000  H=0.00b  sync=-0.042  spacing=177cm
  Seq  336  frames  9716– 9744  →  [1] ATTACKING               conf=1.000  H=0.00b  sync=+0.018  spacing=189cm
  Seq  337  frames  9745– 9773  →  [0] TRANSITION / DEAD BALL  conf=1.000  H=0.00b  sync=+0.553  spacing=115cm
  Seq  338  frames  9774– 9802  →  [1] ATTACKING               conf=1.000  H=0.00b  sync=+0.191  spacing=127cm
  Seq  339  frames  9803– 9831  →  [0] TRANSITION / DEAD BALL  conf=1.000  H=0.00b  sync=+0.266  spacing=136cm
  Seq  340  frames  9832– 9860  →  [1] ATTACKING               conf=1.000  H=0.00b  sync=+0.110  spacing=96cm
  Seq  341  frames  9861– 9889  →  [1] ATTACKING               conf=1.000  H=0.00b  sync=+0.150  spacing=118cm
  … 9900/90451 frames (11%)
  Seq  342  frames  9890– 9918  →  [2] DEFENDING               conf=1.000  H=0.00b  sync=+0.118  spacing=107cm
  Seq  343  frames  9919– 9947  →  [0] TRANSITION / DEAD BALL  conf=1.000  H=0.00b  sync=-0.065  spacing=143cm
  Seq  344  frames  9948– 9976  →  [0] TRANSITION / DEAD BALL  conf=1.000  H=0.00b  sync=-0.023  spacing=157cm
  Seq  345  frames  9977–10005  →  [0] TRANSITION / DEAD BALL  conf=1.000  H=0.00b  sync=+0.137  spacing=178cm
  Seq  346  frames 10006–10034  →  [3] DELAYED SUPPORT         conf=1.000  H=0.00b  sync=+0.339  spacing=218cm
  Seq  347  frames 10035–10063  →  [0] TRANSITION / DEAD BALL  conf=1.000  H=0.00b  sync=+0.290  spacing=264cm
  Seq  348  frames 10064–10092  →  [2] DEFENDING               conf=1.000  H=0.00b  sync=-0.065  spacing=265cm
  Seq  349  frames 10093–10121  →  [2] DEFENDING               conf=1.000  H=0.00b  sync=-0.017  spacing=280cm
  Seq  350  frames 10122–10150  →  [1] ATTACKING               conf=1.000  H=0.00b  sync=-0.079  spacing=286cm
  Seq  351  frames 10151–10179  →  [2] DEFENDING               conf=1.000  H=0.00b  sync=+0.387  spacing=249cm
  … 10200/90451 frames (11%)
  Seq  352  frames 10180–10208  →  [0] TRANSITION / DEAD BALL  conf=1.000  H=0.00b  sync=+0.422  spacing=222cm
  Seq  353  frames 10209–10237  →  [0] TRANSITION / DEAD BALL  conf=1.000  H=0.00b  sync=+0.251  spacing=206cm
  Seq  354  frames 10238–10266  →  [0] TRANSITION / DEAD BALL  conf=1.000  H=0.00b  sync=+0.233  spacing=196cm
  Seq  355  frames 10267–10295  →  [0] TRANSITION / DEAD BALL  conf=1.000  H=0.00b  sync=+0.154  spacing=191cm
  Seq  356  frames 10296–10324  →  [1] ATTACKING               conf=1.000  H=0.00b  sync=-0.012  spacing=209cm
  Seq  357  frames 10325–10353  →  [1] ATTACKING               conf=1.000  H=0.00b  sync=+0.037  spacing=233cm
  Seq  358  frames 10354–10382  →  [1] ATTACKING               conf=1.000  H=0.00b  sync=+0.059  spacing=254cm
  Seq  359  frames 10383–10411  →  [1] ATTACKING               conf=1.000  H=0.00b  sync=+0.013  spacing=289cm
  Seq  360  frames 10412–10440  →  [1] ATTACKING               conf=1.000  H=0.00b  sync=+0.054  spacing=335cm
  Seq  361  frames 10441–10469  →  [2] DEFENDING               conf=1.000  H=0.00b  sync=-0.051  spacing=334cm
  Seq  362  frames 10470–10498  →  [1] ATTACKING               conf=1.000  H=0.00b  sync=-0.114  spacing=259cm
  … 10500/90451 frames (12%)
  Seq  363  frames 10499–10527  →  [1] ATTACKING               conf=1.000  H=0.00b  sync=+0.042  spacing=206cm
  Seq  364  frames 10528–10556  →  [2] DEFENDING               conf=1.000  H=0.00b  sync=+0.118  spacing=171cm
  Seq  365  frames 10557–10585  →  [2] DEFENDING               conf=1.000  H=0.00b  sync=-0.040  spacing=213cm
  Seq  366  frames 10586–10614  →  [1] ATTACKING               conf=1.000  H=0.00b  sync=+0.105  spacing=219cm
  Seq  367  frames 10615–10643  →  [2] DEFENDING               conf=1.000  H=0.00b  sync=-0.074  spacing=303cm
  Seq  368  frames 10644–10672  →  [2] DEFENDING               conf=1.000  H=0.00b  sync=+0.149  spacing=266cm
  Seq  369  frames 10673–10701  →  [1] ATTACKING               conf=1.000  H=0.00b  sync=+0.296  spacing=253cm
  Seq  370  frames 10702–10730  →  [1] ATTACKING               conf=1.000  H=0.00b  sync=+0.039  spacing=248cm
  Seq  371  frames 10731–10759  →  [1] ATTACKING               conf=1.000  H=0.00b  sync=+0.069  spacing=229cm
  Seq  372  frames 10760–10788  →  [0] TRANSITION / DEAD BALL  conf=1.000  H=0.00b  sync=+0.109  spacing=255cm
  … 10800/90451 frames (12%)
  Seq  373  frames 10789–10817  →  [2] DEFENDING               conf=1.000  H=0.00b  sync=+0.099  spacing=266cm
  Seq  374  frames 10818–10846  →  [3] DELAYED SUPPORT         conf=1.000  H=0.00b  sync=-0.051  spacing=236cm
  Seq  375  frames 10847–10875  →  [2] DEFENDING               conf=1.000  H=0.00b  sync=-0.035  spacing=188cm
  Seq  376  frames 10876–10904  →  [2] DEFENDING               conf=1.000  H=0.00b  sync=-0.082  spacing=180cm
  Seq  377  frames 10905–10933  →  [2] DEFENDING               conf=1.000  H=0.00b  sync=-0.067  spacing=154cm
  Seq  378  frames 10934–10962  →  [2] DEFENDING               conf=1.000  H=0.00b  sync=+0.053  spacing=150cm
  Seq  379  frames 10963–10991  →  [1] ATTACKING               conf=1.000  H=0.00b  sync=-0.048  spacing=156cm
  Seq  380  frames 10992–11020  →  [3] DELAYED SUPPORT         conf=1.000  H=0.00b  sync=-0.039  spacing=192cm
  Seq  381  frames 11021–11049  →  [0] TRANSITION / DEAD BALL  conf=1.000  H=0.00b  sync=-0.001  spacing=228cm
  Seq  382  frames 11050–11078  →  [0] TRANSITION / DEAD BALL  conf=1.000  H=0.00b  sync=-0.095  spacing=199cm
  … 11100/90451 frames (12%)
  Seq  383  frames 11079–11107  →  [2] DEFENDING               conf=1.000  H=0.00b  sync=-0.018  spacing=191cm
  Seq  384  frames 11108–11136  →  [2] DEFENDING               conf=1.000  H=0.00b  sync=+0.036  spacing=208cm
  Seq  385  frames 11137–11165  →  [1] ATTACKING               conf=1.000  H=0.00b  sync=+0.011  spacing=199cm
  Seq  386  frames 11166–11194  →  [1] ATTACKING               conf=1.000  H=0.00b  sync=+0.128  spacing=311cm
  Seq  387  frames 11195–11223  →  [4] SPACING BREAKDOWN       conf=1.000  H=0.00b  sync=-0.034  spacing=180cm
  Seq  388  frames 11224–11252  →  [2] DEFENDING               conf=1.000  H=0.00b  sync=+0.041  spacing=141cm
  Seq  389  frames 11253–11281  →  [4] SPACING BREAKDOWN       conf=1.000  H=0.00b  sync=-0.055  spacing=208cm
  Seq  390  frames 11282–11310  →  [2] DEFENDING               conf=1.000  H=0.00b  sync=-0.055  spacing=223cm
  Seq  391  frames 11311–11339  →  [2] DEFENDING               conf=1.000  H=0.00b  sync=+0.269  spacing=218cm
  Seq  392  frames 11340–11368  →  [1] ATTACKING               conf=1.000  H=0.00b  sync=-0.002  spacing=206cm
  Seq  393  frames 11369–11397  →  [1] ATTACKING               conf=1.000  H=0.00b  sync=+0.003  spacing=267cm
  … 11400/90451 frames (13%)
  Seq  394  frames 11398–11426  →  [2] DEFENDING               conf=1.000  H=0.00b  sync=+0.325  spacing=261cm
  Seq  395  frames 11427–11455  →  [2] DEFENDING               conf=1.000  H=0.00b  sync=+0.013  spacing=266cm
  Seq  396  frames 11456–11484  →  [2] DEFENDING               conf=1.000  H=0.00b  sync=+0.017  spacing=186cm
  Seq  397  frames 11485–11513  →  [3] DELAYED SUPPORT         conf=1.000  H=0.00b  sync=-0.012  spacing=172cm
  Seq  398  frames 11514–11542  →  [2] DEFENDING               conf=1.000  H=0.00b  sync=-0.063  spacing=155cm
  Seq  399  frames 11543–11571  →  [3] DELAYED SUPPORT         conf=1.000  H=0.00b  sync=-0.102  spacing=188cm
  Seq  400  frames 11572–11600  →  [2] DEFENDING               conf=1.000  H=0.00b  sync=-0.063  spacing=253cm
  Seq  401  frames 11601–11629  →  [2] DEFENDING               conf=1.000  H=0.00b  sync=+0.030  spacing=248cm
  Seq  402  frames 11630–11658  →  [2] DEFENDING               conf=1.000  H=0.00b  sync=+0.302  spacing=295cm
  Seq  403  frames 11659–11687  →  [1] ATTACKING               conf=1.000  H=0.00b  sync=+0.397  spacing=256cm
  … 11700/90451 frames (13%)
  Seq  404  frames 11688–11716  →  [2] DEFENDING               conf=1.000  H=0.00b  sync=+0.224  spacing=213cm
  Seq  405  frames 11717–11745  →  [2] DEFENDING               conf=1.000  H=0.00b  sync=+0.401  spacing=222cm
  Seq  406  frames 11746–11774  →  [2] DEFENDING               conf=1.000  H=0.00b  sync=+0.143  spacing=184cm
  Seq  407  frames 11775–11803  →  [1] ATTACKING               conf=1.000  H=0.00b  sync=+0.061  spacing=231cm
  Seq  408  frames 11804–11832  →  [2] DEFENDING               conf=1.000  H=0.00b  sync=+0.046  spacing=211cm
  Seq  409  frames 11833–11861  →  [2] DEFENDING               conf=1.000  H=0.00b  sync=-0.020  spacing=198cm
  Seq  410  frames 11862–11890  →  [1] ATTACKING               conf=1.000  H=0.00b  sync=+0.015  spacing=143cm
  Seq  411  frames 11891–11919  →  [1] ATTACKING               conf=1.000  H=0.00b  sync=-0.025  spacing=192cm
  Seq  412  frames 11920–11948  →  [1] ATTACKING               conf=1.000  H=0.00b  sync=+0.002  spacing=248cm
  Seq  413  frames 11949–11977  →  [3] DELAYED SUPPORT         conf=1.000  H=0.00b  sync=+0.048  spacing=202cm
  … 12000/90451 frames (13%)
  Seq  414  frames 11978–12006  →  [0] TRANSITION / DEAD BALL  conf=1.000  H=0.00b  sync=+0.315  spacing=211cm
  Seq  415  frames 12007–12035  →  [0] TRANSITION / DEAD BALL  conf=1.000  H=0.00b  sync=+0.198  spacing=207cm
  Seq  416  frames 12036–12064  →  [1] ATTACKING               conf=1.000  H=0.00b  sync=+0.011  spacing=202cm
  Seq  417  frames 12065–12093  →  [1] ATTACKING               conf=1.000  H=0.00b  sync=+0.005  spacing=220cm
  Seq  418  frames 12094–12122  →  [1] ATTACKING               conf=1.000  H=0.00b  sync=-0.008  spacing=200cm
  Seq  419  frames 12123–12151  →  [1] ATTACKING               conf=1.000  H=0.00b  sync=-0.086  spacing=169cm
  Seq  420  frames 12152–12180  →  [1] ATTACKING               conf=1.000  H=0.00b  sync=-0.038  spacing=176cm
  Seq  421  frames 12181–12209  →  [1] ATTACKING               conf=1.000  H=0.00b  sync=-0.086  spacing=153cm
  Seq  422  frames 12210–12238  →  [1] ATTACKING               conf=1.000  H=0.00b  sync=-0.049  spacing=143cm
  Seq  423  frames 12239–12267  →  [2] DEFENDING               conf=1.000  H=0.00b  sync=-0.012  spacing=159cm
  Seq  424  frames 12268–12296  →  [1] ATTACKING               conf=1.000  H=0.00b  sync=-0.015  spacing=166cm
  … 12300/90451 frames (14%)
  Seq  425  frames 12297–12325  →  [4] SPACING BREAKDOWN       conf=1.000  H=0.00b  sync=+0.052  spacing=174cm
  Seq  426  frames 12326–12354  →  [3] DELAYED SUPPORT         conf=1.000  H=0.00b  sync=+0.019  spacing=182cm
  Seq  427  frames 12355–12383  →  [1] ATTACKING               conf=1.000  H=0.00b  sync=-0.004  spacing=213cm
  Seq  428  frames 12384–12412  →  [0] TRANSITION / DEAD BALL  conf=1.000  H=0.00b  sync=+0.171  spacing=222cm
  Seq  429  frames 12413–12441  →  [0] TRANSITION / DEAD BALL  conf=1.000  H=0.00b  sync=+0.079  spacing=221cm
  Seq  430  frames 12442–12470  →  [1] ATTACKING               conf=1.000  H=0.00b  sync=+0.048  spacing=181cm
  Seq  431  frames 12471–12499  →  [0] TRANSITION / DEAD BALL  conf=1.000  H=0.00b  sync=-0.030  spacing=191cm
  Seq  432  frames 12500–12528  →  [2] DEFENDING               conf=1.000  H=0.00b  sync=-0.026  spacing=200cm
  Seq  433  frames 12529–12557  →  [2] DEFENDING               conf=1.000  H=0.00b  sync=-0.041  spacing=188cm
  Seq  434  frames 12558–12586  →  [2] DEFENDING               conf=1.000  H=0.00b  sync=-0.049  spacing=155cm
  … 12600/90451 frames (14%)
  Seq  435  frames 12587–12615  →  [1] ATTACKING               conf=1.000  H=0.00b  sync=+0.079  spacing=172cm
  Seq  436  frames 12616–12644  →  [2] DEFENDING               conf=1.000  H=0.00b  sync=+0.033  spacing=192cm
  Seq  437  frames 12645–12673  →  [2] DEFENDING               conf=1.000  H=0.00b  sync=-0.021  spacing=203cm
  Seq  438  frames 12674–12702  →  [2] DEFENDING               conf=1.000  H=0.00b  sync=-0.028  spacing=208cm
  Seq  439  frames 12703–12731  →  [2] DEFENDING               conf=1.000  H=0.00b  sync=+0.093  spacing=146cm
  Seq  440  frames 12732–12760  →  [1] ATTACKING               conf=1.000  H=0.00b  sync=+0.100  spacing=153cm
  Seq  441  frames 12761–12789  →  [1] ATTACKING               conf=1.000  H=0.00b  sync=-0.010  spacing=141cm
  Seq  442  frames 12790–12818  →  [2] DEFENDING               conf=1.000  H=0.00b  sync=+0.105  spacing=168cm
  Seq  443  frames 12819–12847  →  [1] ATTACKING               conf=1.000  H=0.00b  sync=+0.051  spacing=152cm
  Seq  444  frames 12848–12876  →  [1] ATTACKING               conf=1.000  H=0.00b  sync=-0.015  spacing=149cm
  … 12900/90451 frames (14%)
  Seq  445  frames 12877–12905  →  [1] ATTACKING               conf=1.000  H=0.00b  sync=-0.030  spacing=164cm
  Seq  446  frames 12906–12934  →  [2] DEFENDING               conf=1.000  H=0.00b  sync=+0.158  spacing=192cm
  Seq  447  frames 12935–12963  →  [2] DEFENDING               conf=1.000  H=0.00b  sync=+0.195  spacing=234cm
  Seq  448  frames 12964–12992  →  [0] TRANSITION / DEAD BALL  conf=1.000  H=0.00b  sync=+0.320  spacing=240cm
  Seq  449  frames 12993–13021  →  [0] TRANSITION / DEAD BALL  conf=1.000  H=0.00b  sync=+0.215  spacing=231cm
  Seq  450  frames 13022–13050  →  [0] TRANSITION / DEAD BALL  conf=1.000  H=0.00b  sync=+0.021  spacing=222cm
  Seq  451  frames 13051–13079  →  [1] ATTACKING               conf=1.000  H=0.00b  sync=+0.066  spacing=225cm
  Seq  452  frames 13080–13108  →  [1] ATTACKING               conf=1.000  H=0.00b  sync=+0.301  spacing=251cm
  Seq  453  frames 13109–13137  →  [2] DEFENDING               conf=1.000  H=0.00b  sync=+0.053  spacing=237cm
  Seq  454  frames 13138–13166  →  [2] DEFENDING               conf=1.000  H=0.00b  sync=+0.010  spacing=261cm
  Seq  455  frames 13167–13195  →  [1] ATTACKING               conf=1.000  H=0.00b  sync=-0.033  spacing=182cm
  … 13200/90451 frames (15%)
  Seq  456  frames 13196–13224  →  [1] ATTACKING               conf=1.000  H=0.00b  sync=+0.041  spacing=153cm
  Seq  457  frames 13225–13253  →  [1] ATTACKING               conf=1.000  H=0.00b  sync=+0.087  spacing=148cm
  Seq  458  frames 13254–13282  →  [2] DEFENDING               conf=1.000  H=0.00b  sync=+0.046  spacing=145cm
  Seq  459  frames 13283–13311  →  [1] ATTACKING               conf=1.000  H=0.00b  sync=+0.222  spacing=268cm
  Seq  460  frames 13312–13340  →  [2] DEFENDING               conf=1.000  H=0.00b  sync=+0.022  spacing=312cm
  Seq  461  frames 13341–13369  →  [3] DELAYED SUPPORT         conf=1.000  H=0.00b  sync=+0.021  spacing=179cm
  Seq  462  frames 13370–13398  →  [0] TRANSITION / DEAD BALL  conf=1.000  H=0.00b  sync=+0.299  spacing=160cm
  Seq  463  frames 13399–13427  →  [0] TRANSITION / DEAD BALL  conf=1.000  H=0.00b  sync=+0.158  spacing=173cm
  Seq  464  frames 13428–13456  →  [0] TRANSITION / DEAD BALL  conf=1.000  H=0.00b  sync=+0.100  spacing=176cm
  Seq  465  frames 13457–13485  →  [0] TRANSITION / DEAD BALL  conf=1.000  H=0.00b  sync=+0.107  spacing=174cm
  … 13500/90451 frames (15%)
  Seq  466  frames 13486–13514  →  [0] TRANSITION / DEAD BALL  conf=1.000  H=0.00b  sync=+0.048  spacing=179cm
  Seq  467  frames 13515–13543  →  [1] ATTACKING               conf=1.000  H=0.00b  sync=+0.032  spacing=154cm
  Seq  468  frames 13544–13572  →  [0] TRANSITION / DEAD BALL  conf=1.000  H=0.00b  sync=-0.037  spacing=165cm
  Seq  469  frames 13573–13601  →  [1] ATTACKING               conf=1.000  H=0.00b  sync=-0.046  spacing=131cm
  Seq  470  frames 13602–13630  →  [1] ATTACKING               conf=1.000  H=0.00b  sync=-0.047  spacing=138cm
  Seq  471  frames 13631–13659  →  [0] TRANSITION / DEAD BALL  conf=1.000  H=0.00b  sync=-0.016  spacing=199cm
  Seq  472  frames 13660–13688  →  [2] DEFENDING               conf=1.000  H=0.00b  sync=-0.036  spacing=285cm
  Seq  473  frames 13689–13717  →  [2] DEFENDING               conf=1.000  H=0.00b  sync=-0.015  spacing=242cm
  Seq  474  frames 13718–13746  →  [1] ATTACKING               conf=1.000  H=0.00b  sync=-0.059  spacing=223cm
  Seq  475  frames 13747–13775  →  [1] ATTACKING               conf=1.000  H=0.00b  sync=+0.053  spacing=177cm
  … 13800/90451 frames (15%)
  Seq  476  frames 13776–13804  →  [1] ATTACKING               conf=1.000  H=0.00b  sync=-0.052  spacing=144cm
  Seq  477  frames 13805–13833  →  [2] DEFENDING               conf=1.000  H=0.00b  sync=-0.049  spacing=199cm
  Seq  478  frames 13834–13862  →  [3] DELAYED SUPPORT         conf=1.000  H=0.00b  sync=+0.161  spacing=162cm
  Seq  479  frames 13863–13891  →  [1] ATTACKING               conf=1.000  H=0.00b  sync=+0.005  spacing=112cm
  Seq  480  frames 13892–13920  →  [1] ATTACKING               conf=1.000  H=0.00b  sync=+0.161  spacing=142cm
  Seq  481  frames 13921–13949  →  [1] ATTACKING               conf=1.000  H=0.00b  sync=+0.275  spacing=144cm
  Seq  482  frames 13950–13978  →  [0] TRANSITION / DEAD BALL  conf=1.000  H=0.00b  sync=+0.265  spacing=203cm
  Seq  483  frames 13979–14007  →  [0] TRANSITION / DEAD BALL  conf=1.000  H=0.00b  sync=+0.294  spacing=217cm
  Seq  484  frames 14008–14036  →  [0] TRANSITION / DEAD BALL  conf=1.000  H=0.00b  sync=+0.081  spacing=222cm
  Seq  485  frames 14037–14065  →  [0] TRANSITION / DEAD BALL  conf=1.000  H=0.00b  sync=+0.138  spacing=218cm
  Seq  486  frames 14066–14094  →  [0] TRANSITION / DEAD BALL  conf=1.000  H=0.00b  sync=-0.060  spacing=202cm
  … 14100/90451 frames (16%)
  Seq  487  frames 14095–14123  →  [1] ATTACKING               conf=1.000  H=0.00b  sync=+0.028  spacing=191cm
  Seq  488  frames 14124–14152  →  [2] DEFENDING               conf=1.000  H=0.00b  sync=-0.082  spacing=217cm
  Seq  489  frames 14153–14181  →  [2] DEFENDING               conf=1.000  H=0.00b  sync=-0.089  spacing=207cm
  Seq  490  frames 14182–14210  →  [2] DEFENDING               conf=1.000  H=0.00b  sync=-0.012  spacing=305cm
  Seq  491  frames 14211–14239  →  [3] DELAYED SUPPORT         conf=1.000  H=0.00b  sync=+0.064  spacing=256cm
  Seq  492  frames 14240–14268  →  [2] DEFENDING               conf=1.000  H=0.00b  sync=+0.179  spacing=264cm
  Seq  493  frames 14269–14297  →  [2] DEFENDING               conf=1.000  H=0.00b  sync=+0.286  spacing=277cm
  Seq  494  frames 14298–14326  →  [1] ATTACKING               conf=1.000  H=0.00b  sync=+0.160  spacing=173cm
  Seq  495  frames 14327–14355  →  [1] ATTACKING               conf=1.000  H=0.00b  sync=+0.120  spacing=153cm
  Seq  496  frames 14356–14384  →  [3] DELAYED SUPPORT         conf=1.000  H=0.00b  sync=-0.079  spacing=168cm
  … 14400/90451 frames (16%)
  Seq  497  frames 14385–14413  →  [1] ATTACKING               conf=1.000  H=0.00b  sync=-0.019  spacing=222cm
  Seq  498  frames 14414–14442  →  [2] DEFENDING               conf=1.000  H=0.00b  sync=+0.090  spacing=231cm
  Seq  499  frames 14443–14471  →  [2] DEFENDING               conf=1.000  H=0.00b  sync=+0.074  spacing=201cm
  Seq  500  frames 14472–14500  →  [2] DEFENDING               conf=1.000  H=0.00b  sync=-0.024  spacing=232cm
  Seq  501  frames 14501–14529  →  [2] DEFENDING               conf=1.000  H=0.00b  sync=+0.407  spacing=267cm
  Seq  502  frames 14530–14558  →  [2] DEFENDING               conf=1.000  H=0.00b  sync=+0.070  spacing=266cm
  Seq  503  frames 14559–14587  →  [2] DEFENDING               conf=1.000  H=0.00b  sync=-0.054  spacing=200cm
  Seq  504  frames 14588–14616  →  [2] DEFENDING               conf=1.000  H=0.00b  sync=+0.074  spacing=216cm
  Seq  505  frames 14617–14645  →  [2] DEFENDING               conf=1.000  H=0.00b  sync=+0.268  spacing=223cm
  Seq  506  frames 14646–14674  →  [1] ATTACKING               conf=1.000  H=0.00b  sync=+0.075  spacing=207cm
  … 14700/90451 frames (16%)
  Seq  507  frames 14675–14703  →  [1] ATTACKING               conf=1.000  H=0.00b  sync=+0.040  spacing=189cm
  Seq  508  frames 14704–14732  →  [2] DEFENDING               conf=1.000  H=0.00b  sync=+0.100  spacing=242cm
  Seq  509  frames 14733–14761  →  [2] DEFENDING               conf=1.000  H=0.00b  sync=+0.158  spacing=215cm
  Seq  510  frames 14762–14790  →  [1] ATTACKING               conf=1.000  H=0.00b  sync=-0.013  spacing=248cm
  Seq  511  frames 14791–14819  →  [1] ATTACKING               conf=1.000  H=0.00b  sync=+0.101  spacing=216cm
  Seq  512  frames 14820–14848  →  [1] ATTACKING               conf=1.000  H=0.00b  sync=+0.005  spacing=193cm
  Seq  513  frames 14849–14877  →  [1] ATTACKING               conf=1.000  H=0.00b  sync=-0.055  spacing=150cm
  Seq  514  frames 14878–14906  →  [0] TRANSITION / DEAD BALL  conf=1.000  H=0.00b  sync=+0.106  spacing=121cm
  Seq  515  frames 14907–14935  →  [1] ATTACKING               conf=1.000  H=0.00b  sync=+0.212  spacing=108cm
  Seq  516  frames 14936–14964  →  [1] ATTACKING               conf=1.000  H=0.00b  sync=+0.199  spacing=172cm
  Seq  517  frames 14965–14993  →  [1] ATTACKING               conf=1.000  H=0.00b  sync=+0.120  spacing=162cm
  … 15000/90451 frames (17%)
  Seq  518  frames 14994–15022  →  [1] ATTACKING               conf=1.000  H=0.00b  sync=+0.169  spacing=184cm
  Seq  519  frames 15023–15051  →  [1] ATTACKING               conf=1.000  H=0.00b  sync=+0.197  spacing=252cm
  Seq  520  frames 15052–15080  →  [2] DEFENDING               conf=1.000  H=0.00b  sync=+0.168  spacing=208cm
  Seq  521  frames 15081–15109  →  [0] TRANSITION / DEAD BALL  conf=1.000  H=0.00b  sync=+0.436  spacing=186cm
  Seq  522  frames 15110–15138  →  [0] TRANSITION / DEAD BALL  conf=1.000  H=0.00b  sync=+0.296  spacing=175cm
  Seq  523  frames 15139–15167  →  [1] ATTACKING               conf=1.000  H=0.00b  sync=+0.046  spacing=148cm
  Seq  524  frames 15168–15196  →  [2] DEFENDING               conf=1.000  H=0.00b  sync=-0.102  spacing=136cm
  Seq  525  frames 15197–15225  →  [2] DEFENDING               conf=1.000  H=0.00b  sync=-0.012  spacing=183cm
  Seq  526  frames 15226–15254  →  [2] DEFENDING               conf=1.000  H=0.00b  sync=-0.088  spacing=175cm
  Seq  527  frames 15255–15283  →  [1] ATTACKING               conf=1.000  H=0.00b  sync=+0.002  spacing=157cm
  … 15300/90451 frames (17%)
  Seq  528  frames 15284–15312  →  [0] TRANSITION / DEAD BALL  conf=1.000  H=0.00b  sync=+0.019  spacing=163cm
  Seq  529  frames 15313–15341  →  [1] ATTACKING               conf=1.000  H=0.00b  sync=+0.106  spacing=203cm
  Seq  530  frames 15342–15370  →  [2] DEFENDING               conf=1.000  H=0.00b  sync=-0.009  spacing=261cm
  Seq  531  frames 15371–15399  →  [2] DEFENDING               conf=1.000  H=0.00b  sync=-0.053  spacing=220cm
  Seq  532  frames 15400–15428  →  [4] SPACING BREAKDOWN       conf=1.000  H=0.00b  sync=+0.032  spacing=213cm
  Seq  533  frames 15429–15457  →  [1] ATTACKING               conf=1.000  H=0.00b  sync=+0.060  spacing=240cm
  Seq  534  frames 15458–15486  →  [1] ATTACKING               conf=1.000  H=0.00b  sync=+0.343  spacing=236cm
  Seq  535  frames 15487–15515  →  [1] ATTACKING               conf=1.000  H=0.00b  sync=+0.235  spacing=260cm
  Seq  536  frames 15516–15544  →  [1] ATTACKING               conf=1.000  H=0.00b  sync=+0.004  spacing=280cm
  Seq  537  frames 15545–15573  →  [1] ATTACKING               conf=1.000  H=0.00b  sync=-0.047  spacing=215cm
  … 15600/90451 frames (17%)
  Seq  538  frames 15574–15602  →  [1] ATTACKING               conf=1.000  H=0.00b  sync=-0.048  spacing=243cm
  Seq  539  frames 15603–15631  →  [1] ATTACKING               conf=1.000  H=0.00b  sync=-0.059  spacing=258cm
  Seq  540  frames 15632–15660  →  [3] DELAYED SUPPORT         conf=1.000  H=0.00b  sync=-0.028  spacing=144cm
  Seq  541  frames 15661–15689  →  [0] TRANSITION / DEAD BALL  conf=1.000  H=0.00b  sync=+0.418  spacing=246cm
  Seq  542  frames 15690–15718  →  [0] TRANSITION / DEAD BALL  conf=1.000  H=0.00b  sync=+0.304  spacing=246cm
  Seq  543  frames 15719–15747  →  [0] TRANSITION / DEAD BALL  conf=1.000  H=0.00b  sync=+0.271  spacing=240cm
  Seq  544  frames 15748–15776  →  [0] TRANSITION / DEAD BALL  conf=1.000  H=0.00b  sync=+0.216  spacing=239cm
  Seq  545  frames 15777–15805  →  [0] TRANSITION / DEAD BALL  conf=1.000  H=0.00b  sync=+0.019  spacing=242cm
  Seq  546  frames 15806–15834  →  [0] TRANSITION / DEAD BALL  conf=1.000  H=0.00b  sync=+0.060  spacing=235cm
  Seq  547  frames 15835–15863  →  [0] TRANSITION / DEAD BALL  conf=1.000  H=0.00b  sync=+0.032  spacing=266cm
  Seq  548  frames 15864–15892  →  [2] DEFENDING               conf=1.000  H=0.00b  sync=+0.339  spacing=240cm
  … 15900/90451 frames (18%)
  Seq  549  frames 15893–15921  →  [2] DEFENDING               conf=1.000  H=0.00b  sync=+0.068  spacing=234cm
  Seq  550  frames 15922–15950  →  [1] ATTACKING               conf=1.000  H=0.00b  sync=-0.012  spacing=228cm
  Seq  551  frames 15951–15979  →  [1] ATTACKING               conf=1.000  H=0.00b  sync=-0.071  spacing=181cm
  Seq  552  frames 15980–16008  →  [1] ATTACKING               conf=1.000  H=0.00b  sync=-0.062  spacing=154cm
  Seq  553  frames 16009–16037  →  [1] ATTACKING               conf=1.000  H=0.00b  sync=-0.041  spacing=161cm
  Seq  554  frames 16038–16066  →  [3] DELAYED SUPPORT         conf=1.000  H=0.00b  sync=+0.202  spacing=157cm
  Seq  555  frames 16067–16095  →  [0] TRANSITION / DEAD BALL  conf=1.000  H=0.00b  sync=+0.067  spacing=135cm
  Seq  556  frames 16096–16124  →  [0] TRANSITION / DEAD BALL  conf=1.000  H=0.00b  sync=+0.174  spacing=130cm
  Seq  557  frames 16125–16153  →  [0] TRANSITION / DEAD BALL  conf=1.000  H=0.00b  sync=+0.036  spacing=131cm
  Seq  558  frames 16154–16182  →  [1] ATTACKING               conf=1.000  H=0.00b  sync=-0.006  spacing=166cm
  … 16200/90451 frames (18%)
  Seq  559  frames 16183–16211  →  [1] ATTACKING               conf=1.000  H=0.00b  sync=+0.062  spacing=166cm
  Seq  560  frames 16212–16240  →  [1] ATTACKING               conf=1.000  H=0.00b  sync=-0.036  spacing=176cm
  Seq  561  frames 16241–16269  →  [1] ATTACKING               conf=1.000  H=0.00b  sync=-0.003  spacing=162cm
  Seq  562  frames 16270–16298  →  [0] TRANSITION / DEAD BALL  conf=1.000  H=0.00b  sync=-0.017  spacing=158cm
  Seq  563  frames 16299–16327  →  [1] ATTACKING               conf=1.000  H=0.00b  sync=+0.077  spacing=135cm
  Seq  564  frames 16328–16356  →  [1] ATTACKING               conf=1.000  H=0.00b  sync=-0.051  spacing=123cm
  Seq  565  frames 16357–16385  →  [3] DELAYED SUPPORT         conf=1.000  H=0.00b  sync=+0.112  spacing=113cm
  Seq  566  frames 16386–16414  →  [2] DEFENDING               conf=1.000  H=0.00b  sync=+0.020  spacing=134cm
  Seq  567  frames 16415–16443  →  [3] DELAYED SUPPORT         conf=1.000  H=0.00b  sync=+0.104  spacing=142cm
  Seq  568  frames 16444–16472  →  [3] DELAYED SUPPORT         conf=1.000  H=0.00b  sync=-0.038  spacing=188cm
  … 16500/90451 frames (18%)
  Seq  569  frames 16473–16501  →  [0] TRANSITION / DEAD BALL  conf=1.000  H=0.00b  sync=+0.145  spacing=197cm
  Seq  570  frames 16502–16530  →  [0] TRANSITION / DEAD BALL  conf=1.000  H=0.00b  sync=+0.124  spacing=198cm
  Seq  571  frames 16531–16559  →  [0] TRANSITION / DEAD BALL  conf=1.000  H=0.00b  sync=+0.104  spacing=194cm
  Seq  572  frames 16560–16588  →  [0] TRANSITION / DEAD BALL  conf=1.000  H=0.00b  sync=-0.054  spacing=199cm
  Seq  573  frames 16589–16617  →  [3] DELAYED SUPPORT         conf=1.000  H=0.00b  sync=-0.068  spacing=190cm
  Seq  574  frames 16618–16646  →  [1] ATTACKING               conf=1.000  H=0.00b  sync=-0.070  spacing=170cm
  Seq  575  frames 16647–16675  →  [2] DEFENDING               conf=1.000  H=0.00b  sync=+0.024  spacing=182cm
  Seq  576  frames 16676–16704  →  [1] ATTACKING               conf=1.000  H=0.00b  sync=+0.015  spacing=188cm
  Seq  577  frames 16705–16733  →  [3] DELAYED SUPPORT         conf=1.000  H=0.00b  sync=+0.218  spacing=171cm
  Seq  578  frames 16734–16762  →  [3] DELAYED SUPPORT         conf=1.000  H=0.00b  sync=+0.280  spacing=180cm
  Seq  579  frames 16763–16791  →  [1] ATTACKING               conf=1.000  H=0.00b  sync=+0.225  spacing=204cm
  … 16800/90451 frames (19%)
  Seq  580  frames 16792–16820  →  [0] TRANSITION / DEAD BALL  conf=1.000  H=0.00b  sync=+0.102  spacing=255cm
  Seq  581  frames 16821–16849  →  [1] ATTACKING               conf=1.000  H=0.00b  sync=+0.039  spacing=220cm
  Seq  582  frames 16850–16878  →  [4] SPACING BREAKDOWN       conf=1.000  H=0.00b  sync=+0.034  spacing=215cm
  Seq  583  frames 16879–16907  →  [0] TRANSITION / DEAD BALL  conf=1.000  H=0.00b  sync=+0.068  spacing=238cm
  Seq  584  frames 16908–16936  →  [0] TRANSITION / DEAD BALL  conf=1.000  H=0.00b  sync=+0.144  spacing=241cm
  Seq  585  frames 16937–16965  →  [0] TRANSITION / DEAD BALL  conf=1.000  H=0.00b  sync=+0.024  spacing=246cm
  Seq  586  frames 16966–16994  →  [2] DEFENDING               conf=1.000  H=0.00b  sync=+0.175  spacing=222cm
  Seq  587  frames 16995–17023  →  [1] ATTACKING               conf=1.000  H=0.00b  sync=-0.092  spacing=230cm
  Seq  588  frames 17024–17052  →  [1] ATTACKING               conf=1.000  H=0.00b  sync=+0.009  spacing=231cm
  Seq  589  frames 17053–17081  →  [1] ATTACKING               conf=1.000  H=0.00b  sync=+0.149  spacing=266cm
  … 17100/90451 frames (19%)
  Seq  590  frames 17082–17110  →  [3] DELAYED SUPPORT         conf=1.000  H=0.00b  sync=+0.042  spacing=379cm
  Seq  591  frames 17111–17139  →  [1] ATTACKING               conf=1.000  H=0.00b  sync=+0.010  spacing=333cm
  Seq  592  frames 17140–17168  →  [2] DEFENDING               conf=1.000  H=0.00b  sync=+0.074  spacing=342cm
  Seq  593  frames 17169–17197  →  [2] DEFENDING               conf=1.000  H=0.00b  sync=+0.045  spacing=264cm
  Seq  594  frames 17198–17226  →  [1] ATTACKING               conf=1.000  H=0.00b  sync=+0.040  spacing=246cm
  Seq  595  frames 17227–17255  →  [3] DELAYED SUPPORT         conf=1.000  H=0.00b  sync=+0.111  spacing=240cm
  Seq  596  frames 17256–17284  →  [1] ATTACKING               conf=1.000  H=0.00b  sync=-0.027  spacing=220cm
  Seq  597  frames 17285–17313  →  [1] ATTACKING               conf=1.000  H=0.00b  sync=+0.023  spacing=188cm
  Seq  598  frames 17314–17342  →  [1] ATTACKING               conf=1.000  H=0.00b  sync=-0.052  spacing=168cm
  Seq  599  frames 17343–17371  →  [1] ATTACKING               conf=1.000  H=0.00b  sync=-0.076  spacing=113cm
  Seq  600  frames 17372–17400  →  [2] DEFENDING               conf=1.000  H=0.00b  sync=-0.034  spacing=122cm
  … 17400/90451 frames (19%)
  Seq  601  frames 17401–17429  →  [2] DEFENDING               conf=1.000  H=0.00b  sync=+0.071  spacing=132cm
  Seq  602  frames 17430–17458  →  [3] DELAYED SUPPORT         conf=1.000  H=0.00b  sync=+0.240  spacing=215cm
  Seq  603  frames 17459–17487  →  [1] ATTACKING               conf=1.000  H=0.00b  sync=+0.060  spacing=241cm
  Seq  604  frames 17488–17516  →  [4] SPACING BREAKDOWN       conf=1.000  H=0.00b  sync=+0.437  spacing=150cm
  Seq  605  frames 17517–17545  →  [1] ATTACKING               conf=1.000  H=0.00b  sync=+0.264  spacing=106cm
  Seq  606  frames 17546–17574  →  [1] ATTACKING               conf=1.000  H=0.00b  sync=+0.202  spacing=123cm
  Seq  607  frames 17575–17603  →  [1] ATTACKING               conf=1.000  H=0.00b  sync=+0.150  spacing=131cm
  Seq  608  frames 17604–17632  →  [2] DEFENDING               conf=1.000  H=0.00b  sync=+0.220  spacing=137cm
  Seq  609  frames 17633–17661  →  [2] DEFENDING               conf=1.000  H=0.00b  sync=-0.032  spacing=229cm
  Seq  610  frames 17662–17690  →  [1] ATTACKING               conf=1.000  H=0.00b  sync=+0.005  spacing=186cm
  … 17700/90451 frames (20%)
  Seq  611  frames 17691–17719  →  [1] ATTACKING               conf=1.000  H=0.00b  sync=+0.037  spacing=119cm
  Seq  612  frames 17720–17748  →  [2] DEFENDING               conf=1.000  H=0.00b  sync=+0.253  spacing=184cm
  Seq  613  frames 17749–17777  →  [1] ATTACKING               conf=1.000  H=0.00b  sync=+0.023  spacing=210cm
  Seq  614  frames 17778–17806  →  [1] ATTACKING               conf=1.000  H=0.00b  sync=-0.022  spacing=233cm
  Seq  615  frames 17807–17835  →  [2] DEFENDING               conf=1.000  H=0.00b  sync=+0.083  spacing=225cm
  Seq  616  frames 17836–17864  →  [2] DEFENDING               conf=1.000  H=0.00b  sync=-0.025  spacing=198cm
  Seq  617  frames 17865–17893  →  [2] DEFENDING               conf=1.000  H=0.00b  sync=-0.024  spacing=196cm
  Seq  618  frames 17894–17922  →  [1] ATTACKING               conf=1.000  H=0.00b  sync=+0.026  spacing=207cm
  Seq  619  frames 17923–17951  →  [2] DEFENDING               conf=1.000  H=0.00b  sync=+0.135  spacing=268cm
  Seq  620  frames 17952–17980  →  [2] DEFENDING               conf=1.000  H=0.00b  sync=+0.211  spacing=251cm
  … 18000/90451 frames (20%)
  Seq  621  frames 17981–18009  →  [1] ATTACKING               conf=1.000  H=0.00b  sync=+0.077  spacing=271cm
  Seq  622  frames 18010–18038  →  [2] DEFENDING               conf=1.000  H=0.00b  sync=-0.028  spacing=299cm
  Seq  623  frames 18039–18067  →  [2] DEFENDING               conf=1.000  H=0.00b  sync=+0.032  spacing=288cm
  Seq  624  frames 18068–18096  →  [2] DEFENDING               conf=1.000  H=0.00b  sync=+0.212  spacing=273cm
  Seq  625  frames 18097–18125  →  [3] DELAYED SUPPORT         conf=1.000  H=0.00b  sync=+0.164  spacing=250cm
  Seq  626  frames 18126–18154  →  [0] TRANSITION / DEAD BALL  conf=1.000  H=0.00b  sync=+0.101  spacing=273cm
  Seq  627  frames 18155–18183  →  [1] ATTACKING               conf=1.000  H=0.00b  sync=-0.028  spacing=224cm
  Seq  628  frames 18184–18212  →  [1] ATTACKING               conf=1.000  H=0.00b  sync=+0.011  spacing=189cm
  Seq  629  frames 18213–18241  →  [2] DEFENDING               conf=1.000  H=0.00b  sync=+0.133  spacing=204cm
  Seq  630  frames 18242–18270  →  [2] DEFENDING               conf=1.000  H=0.00b  sync=+0.126  spacing=207cm
  Seq  631  frames 18271–18299  →  [4] SPACING BREAKDOWN       conf=1.000  H=0.00b  sync=+0.050  spacing=284cm
  … 18300/90451 frames (20%)
  Seq  632  frames 18300–18328  →  [1] ATTACKING               conf=1.000  H=0.00b  sync=-0.072  spacing=249cm
  Seq  633  frames 18329–18357  →  [2] DEFENDING               conf=1.000  H=0.00b  sync=+0.129  spacing=223cm
  Seq  634  frames 18358–18386  →  [2] DEFENDING               conf=1.000  H=0.00b  sync=+0.088  spacing=176cm
  Seq  635  frames 18387–18415  →  [1] ATTACKING               conf=1.000  H=0.00b  sync=+0.010  spacing=166cm
  Seq  636  frames 18416–18444  →  [1] ATTACKING               conf=1.000  H=0.00b  sync=-0.025  spacing=179cm
  Seq  637  frames 18445–18473  →  [1] ATTACKING               conf=1.000  H=0.00b  sync=-0.013  spacing=204cm
  Seq  638  frames 18474–18502  →  [2] DEFENDING               conf=1.000  H=0.00b  sync=-0.077  spacing=229cm
  Seq  639  frames 18503–18531  →  [1] ATTACKING               conf=1.000  H=0.00b  sync=-0.074  spacing=214cm
  Seq  640  frames 18532–18560  →  [2] DEFENDING               conf=1.000  H=0.00b  sync=+0.047  spacing=166cm
  Seq  641  frames 18561–18589  →  [0] TRANSITION / DEAD BALL  conf=1.000  H=0.00b  sync=+0.092  spacing=158cm
  … 18600/90451 frames (21%)
  Seq  642  frames 18590–18618  →  [0] TRANSITION / DEAD BALL  conf=1.000  H=0.00b  sync=+0.261  spacing=157cm
  Seq  643  frames 18619–18647  →  [0] TRANSITION / DEAD BALL  conf=1.000  H=0.00b  sync=+0.186  spacing=152cm
  Seq  644  frames 18648–18676  →  [1] ATTACKING               conf=1.000  H=0.00b  sync=+0.196  spacing=154cm
  Seq  645  frames 18677–18705  →  [2] DEFENDING               conf=1.000  H=0.00b  sync=+0.135  spacing=139cm
  Seq  646  frames 18706–18734  →  [2] DEFENDING               conf=1.000  H=0.00b  sync=-0.012  spacing=137cm
  Seq  647  frames 18735–18763  →  [1] ATTACKING               conf=1.000  H=0.00b  sync=-0.122  spacing=147cm
  Seq  648  frames 18764–18792  →  [2] DEFENDING               conf=1.000  H=0.00b  sync=-0.039  spacing=183cm
  Seq  649  frames 18793–18821  →  [1] ATTACKING               conf=1.000  H=0.00b  sync=-0.023  spacing=202cm
  Seq  650  frames 18822–18850  →  [1] ATTACKING               conf=1.000  H=0.00b  sync=-0.024  spacing=193cm
  Seq  651  frames 18851–18879  →  [2] DEFENDING               conf=1.000  H=0.00b  sync=-0.114  spacing=188cm
  … 18900/90451 frames (21%)
  Seq  652  frames 18880–18908  →  [2] DEFENDING               conf=1.000  H=0.00b  sync=-0.020  spacing=205cm
  Seq  653  frames 18909–18937  →  [1] ATTACKING               conf=1.000  H=0.00b  sync=-0.061  spacing=200cm
  Seq  654  frames 18938–18966  →  [1] ATTACKING               conf=1.000  H=0.00b  sync=+0.267  spacing=211cm
  Seq  655  frames 18967–18995  →  [1] ATTACKING               conf=1.000  H=0.00b  sync=-0.058  spacing=230cm
  Seq  656  frames 18996–19024  →  [1] ATTACKING               conf=1.000  H=0.00b  sync=-0.056  spacing=234cm
  Seq  657  frames 19025–19053  →  [0] TRANSITION / DEAD BALL  conf=1.000  H=0.00b  sync=+0.047  spacing=230cm
  Seq  658  frames 19054–19082  →  [1] ATTACKING               conf=1.000  H=0.00b  sync=+0.022  spacing=213cm
  Seq  659  frames 19083–19111  →  [2] DEFENDING               conf=1.000  H=0.00b  sync=-0.033  spacing=221cm
  Seq  660  frames 19112–19140  →  [1] ATTACKING               conf=1.000  H=0.00b  sync=+0.005  spacing=206cm
  Seq  661  frames 19141–19169  →  [3] DELAYED SUPPORT         conf=1.000  H=0.00b  sync=+0.038  spacing=194cm
  Seq  662  frames 19170–19198  →  [0] TRANSITION / DEAD BALL  conf=1.000  H=0.00b  sync=+0.236  spacing=205cm
  … 19200/90451 frames (21%)
  Seq  663  frames 19199–19227  →  [0] TRANSITION / DEAD BALL  conf=1.000  H=0.00b  sync=+0.252  spacing=195cm
  Seq  664  frames 19228–19256  →  [0] TRANSITION / DEAD BALL  conf=1.000  H=0.00b  sync=+0.228  spacing=192cm
  Seq  665  frames 19257–19285  →  [0] TRANSITION / DEAD BALL  conf=1.000  H=0.00b  sync=+0.211  spacing=186cm
  Seq  666  frames 19286–19314  →  [2] DEFENDING               conf=1.000  H=0.00b  sync=-0.016  spacing=171cm
  Seq  667  frames 19315–19343  →  [1] ATTACKING               conf=1.000  H=0.00b  sync=-0.061  spacing=221cm
  Seq  668  frames 19344–19372  →  [3] DELAYED SUPPORT         conf=1.000  H=0.00b  sync=-0.120  spacing=272cm
  Seq  669  frames 19373–19401  →  [2] DEFENDING               conf=1.000  H=0.00b  sync=-0.060  spacing=242cm
  Seq  670  frames 19402–19430  →  [2] DEFENDING               conf=1.000  H=0.00b  sync=+0.097  spacing=284cm
  Seq  671  frames 19431–19459  →  [4] SPACING BREAKDOWN       conf=1.000  H=0.00b  sync=-0.141  spacing=248cm
  Seq  672  frames 19460–19488  →  [2] DEFENDING               conf=1.000  H=0.00b  sync=-0.029  spacing=236cm